Component: ARM Compiler 5.06 update 7 (build 960) Tool: armlink [4d3601]

==============================================================================

Section Cross References

    startup_stm32l476xx.o(STACK) refers (Special) to heapauxi.o(.text) for __use_two_region_memory
    startup_stm32l476xx.o(HEAP) refers (Special) to heapauxi.o(.text) for __use_two_region_memory
    startup_stm32l476xx.o(RESET) refers (Special) to heapauxi.o(.text) for __use_two_region_memory
    startup_stm32l476xx.o(RESET) refers to startup_stm32l476xx.o(STACK) for __initial_sp
    startup_stm32l476xx.o(RESET) refers to startup_stm32l476xx.o(.text) for Reset_Handler
    startup_stm32l476xx.o(RESET) refers to stm32l4xx_it.o(i.NMI_Handler) for NMI_Handler
    startup_stm32l476xx.o(RESET) refers to stm32l4xx_it.o(i.HardFault_Handler) for HardFault_Handler
    startup_stm32l476xx.o(RESET) refers to stm32l4xx_it.o(i.MemManage_Handler) for MemManage_Handler
    startup_stm32l476xx.o(RESET) refers to stm32l4xx_it.o(i.BusFault_Handler) for BusFault_Handler
    startup_stm32l476xx.o(RESET) refers to stm32l4xx_it.o(i.UsageFault_Handler) for UsageFault_Handler
    startup_stm32l476xx.o(RESET) refers to stm32l4xx_it.o(i.SVC_Handler) for SVC_Handler
    startup_stm32l476xx.o(RESET) refers to stm32l4xx_it.o(i.DebugMon_Handler) for DebugMon_Handler
    startup_stm32l476xx.o(RESET) refers to stm32l4xx_it.o(i.PendSV_Handler) for PendSV_Handler
    startup_stm32l476xx.o(RESET) refers to stm32l4xx_it.o(i.SysTick_Handler) for SysTick_Handler
    startup_stm32l476xx.o(RESET) refers to stm32l4xx_it.o(i.ADC1_2_IRQHandler) for ADC1_2_IRQHandler
    startup_stm32l476xx.o(RESET) refers to stm32l4xx_it.o(i.TIM1_BRK_TIM15_IRQHandler) for TIM1_BRK_TIM15_IRQHandler
    startup_stm32l476xx.o(RESET) refers to stm32l4xx_it.o(i.TIM7_IRQHandler) for TIM7_IRQHandler
    startup_stm32l476xx.o(.text) refers (Special) to heapauxi.o(.text) for __use_two_region_memory
    startup_stm32l476xx.o(.text) refers to system_stm32l4xx.o(i.SystemInit) for SystemInit
    startup_stm32l476xx.o(.text) refers to __main.o(!!!main) for __main
    startup_stm32l476xx.o(.text) refers to startup_stm32l476xx.o(HEAP) for Heap_Mem
    startup_stm32l476xx.o(.text) refers to startup_stm32l476xx.o(STACK) for Stack_Mem
    main.o(i.SystemClock_Config) refers to rt_memclr_w.o(.text) for __aeabi_memclr4
    main.o(i.SystemClock_Config) refers to stm32l4xx_hal_pwr_ex.o(i.HAL_PWREx_ControlVoltageScaling) for HAL_PWREx_ControlVoltageScaling
    main.o(i.SystemClock_Config) refers to stm32l4xx_hal_rcc.o(i.HAL_RCC_OscConfig) for HAL_RCC_OscConfig
    main.o(i.SystemClock_Config) refers to stm32l4xx_hal_rcc.o(i.HAL_RCC_ClockConfig) for HAL_RCC_ClockConfig
    main.o(i.getSignal) refers to main.o(.data) for .data
    main.o(i.main) refers to stm32l4xx_hal.o(i.HAL_Init) for HAL_Init
    main.o(i.main) refers to main.o(i.adc_init) for adc_init
    main.o(i.main) refers to main.o(i.uart_init) for uart_init
    main.o(i.main) refers to main.o(i.__NVIC_EnableIRQ) for __NVIC_EnableIRQ
    main.o(i.main) refers to dsp.o(i.dsp) for dsp
    main.o(i.main) refers to dsp.o(i.movAvg) for movAvg
    main.o(i.main) refers to dflt_clz.o(x$fpl$dflt) for __aeabi_i2d
    main.o(i.main) refers to drleqf.o(x$fpl$drleqf) for __aeabi_cdrcmple
    main.o(i.main) refers to main.o(.data) for .data
    main.o(i.main) refers to dsp.o(.bss) for y_value
    main.o(i.main) refers to main.o(.bss) for .bss
    stm32l4xx_it.o(i.SysTick_Handler) refers to dmul.o(x$fpl$dmul) for __aeabi_dmul
    stm32l4xx_it.o(i.SysTick_Handler) refers to dfixu.o(x$fpl$dfixu) for __aeabi_d2uiz
    stm32l4xx_it.o(i.SysTick_Handler) refers to stm32l4xx_hal.o(i.HAL_IncTick) for HAL_IncTick
    stm32l4xx_it.o(i.SysTick_Handler) refers to dsp.o(.bss) for y_value
    stm32l4xx_it.o(i.SysTick_Handler) refers to stm32l4xx_it.o(.data) for .data
    stm32l4xx_it.o(i.SysTick_Handler) refers to main.o(.bss) for newAvg
    stm32l4xx_it.o(i.TIM1_BRK_TIM15_IRQHandler) refers to _printf_percent.o(.ARM.Collect$$_printf_percent$$00000000) for _printf_percent
    stm32l4xx_it.o(i.TIM1_BRK_TIM15_IRQHandler) refers to _printf_f.o(.ARM.Collect$$_printf_percent$$00000003) for _printf_f
    stm32l4xx_it.o(i.TIM1_BRK_TIM15_IRQHandler) refers to printf1.o(x$fpl$printf1) for _printf_fp_dec
    stm32l4xx_it.o(i.TIM1_BRK_TIM15_IRQHandler) refers to f2d.o(x$fpl$f2d) for __aeabi_f2d
    stm32l4xx_it.o(i.TIM1_BRK_TIM15_IRQHandler) refers to noretval__2sprintf.o(.text) for __2sprintf
    stm32l4xx_it.o(i.TIM1_BRK_TIM15_IRQHandler) refers to main.o(i.print_to_USART) for print_to_USART
    stm32l4xx_it.o(i.TIM1_BRK_TIM15_IRQHandler) refers to stm32l4xx_it.o(.data) for .data
    stm32l4xx_it.o(i.TIM1_BRK_TIM15_IRQHandler) refers to main.o(.data) for flag1
    stm32l4xx_it.o(i.TIM1_BRK_TIM15_IRQHandler) refers to main.o(.data) for flag2
    stm32l4xx_it.o(i.TIM1_BRK_TIM15_IRQHandler) refers to stm32l4xx_it.o(.bss) for .bss
[...]
    Removing stm32l4xx_hal_cortex.o(i.HAL_NVIC_SystemReset), (36 bytes).
    Removing stm32l4xx_hal_cortex.o(i.HAL_SYSTICK_CLKSourceConfig), (24 bytes).
    Removing stm32l4xx_hal_cortex.o(i.HAL_SYSTICK_Callback), (2 bytes).
    Removing stm32l4xx_hal_cortex.o(i.HAL_SYSTICK_IRQHandler), (8 bytes).
    Removing stm32l4xx_hal_exti.o(.rev16_text), (4 bytes).
    Removing stm32l4xx_hal_exti.o(.revsh_text), (4 bytes).
    Removing stm32l4xx_hal_exti.o(.rrx_text), (6 bytes).
    Removing stm32l4xx_hal_exti.o(i.HAL_EXTI_ClearConfigLine), (128 bytes).
    Removing stm32l4xx_hal_exti.o(i.HAL_EXTI_ClearPending), (28 bytes).
    Removing stm32l4xx_hal_exti.o(i.HAL_EXTI_GenerateSWI), (28 bytes).
    Removing stm32l4xx_hal_exti.o(i.HAL_EXTI_GetConfigLine), (164 bytes).
    Removing stm32l4xx_hal_exti.o(i.HAL_EXTI_GetHandle), (12 bytes).
    Removing stm32l4xx_hal_exti.o(i.HAL_EXTI_GetPending), (32 bytes).
    Removing stm32l4xx_hal_exti.o(i.HAL_EXTI_IRQHandler), (44 bytes).
    Removing stm32l4xx_hal_exti.o(i.HAL_EXTI_RegisterCallback), (14 bytes).
    Removing stm32l4xx_hal_exti.o(i.HAL_EXTI_SetConfigLine), (176 bytes).
    Removing system_stm32l4xx.o(.rev16_text), (4 bytes).
    Removing system_stm32l4xx.o(.revsh_text), (4 bytes).
    Removing system_stm32l4xx.o(.rrx_text), (6 bytes).
    Removing system_stm32l4xx.o(i.SystemCoreClockUpdate), (168 bytes).
    Removing system_stm32l4xx.o(.constdata), (64 bytes).
    Removing system_stm32l4xx.o(.constdata), (8 bytes).

363 unused section(s) (total 28707 bytes) removed from the image.

==============================================================================

Image Symbol Table

    Local Symbols

    Symbol Name                              Value     Ov Type        Size  Object(Section)

    ../Core/Src/main.c                       0x00000000   Number         0  main.o ABSOLUTE
    ../Core/Src/stm32l4xx_hal_msp.c          0x00000000   Number         0  stm32l4xx_hal_msp.o ABSOLUTE
    ../Core/Src/stm32l4xx_it.c               0x00000000   Number         0  stm32l4xx_it.o ABSOLUTE
    ../Core/Src/system_stm32l4xx.c           0x00000000   Number         0  system_stm32l4xx.o ABSOLUTE
    ../Drivers/STM32L4xx_HAL_Driver/Src/stm32l4xx_hal.c 0x00000000   Number         0  stm32l4xx_hal.o ABSOLUTE
    ../Drivers/STM32L4xx_HAL_Driver/Src/stm32l4xx_hal_cortex.c 0x00000000   Number         0  stm32l4xx_hal_cortex.o ABSOLUTE
    ../Drivers/STM32L4xx_HAL_Driver/Src/stm32l4xx_hal_dma.c 0x00000000   Number         0  stm32l4xx_hal_dma.o ABSOLUTE
    ../Drivers/STM32L4xx_HAL_Driver/Src/stm32l4xx_hal_dma_ex.c 0x00000000   Number         0  stm32l4xx_hal_dma_ex.o ABSOLUTE
    ../Drivers/STM32L4xx_HAL_Driver/Src/stm32l4xx_hal_exti.c 0x00000000   Number         0  stm32l4xx_hal_exti.o ABSOLUTE
    ../Drivers/STM32L4xx_HAL_Driver/Src/stm32l4xx_hal_flash.c 0x00000000   Number         0  stm32l4xx_hal_flash.o ABSOLUTE
    ../Drivers/STM32L4xx_HAL_Driver/Src/stm32l4xx_hal_flash_ex.c 0x00000000   Number         0  stm32l4xx_hal_flash_ex.o ABSOLUTE
    ../Drivers/STM32L4xx_HAL_Driver/Src/stm32l4xx_hal_flash_ramfunc.c 0x00000000   Number         0  stm32l4xx_hal_flash_ramfunc.o ABSOLUTE
    ../Drivers/STM32L4xx_HAL_Driver/Src/stm32l4xx_hal_gpio.c 0x00000000   Number         0  stm32l4xx_hal_gpio.o ABSOLUTE
    ../Drivers/STM32L4xx_HAL_Driver/Src/stm32l4xx_hal_i2c.c 0x00000000   Number         0  stm32l4xx_hal_i2c.o ABSOLUTE
    ../Drivers/STM32L4xx_HAL_Driver/Src/stm32l4xx_hal_i2c_ex.c 0x00000000   Number         0  stm32l4xx_hal_i2c_ex.o ABSOLUTE
    ../Drivers/STM32L4xx_HAL_Driver/Src/stm32l4xx_hal_pwr.c 0x00000000   Number         0  stm32l4xx_hal_pwr.o ABSOLUTE
    ../Drivers/STM32L4xx_HAL_Driver/Src/stm32l4xx_hal_pwr_ex.c 0x00000000   Number         0  stm32l4xx_hal_pwr_ex.o ABSOLUTE
    ../Drivers/STM32L4xx_HAL_Driver/Src/stm32l4xx_hal_rcc.c 0x00000000   Number         0  stm32l4xx_hal_rcc.o ABSOLUTE
    ../Drivers/STM32L4xx_HAL_Driver/Src/stm32l4xx_hal_rcc_ex.c 0x00000000   Number         0  stm32l4xx_hal_rcc_ex.o ABSOLUTE
    ../Drivers/STM32L4xx_HAL_Driver/Src/stm32l4xx_hal_tim.c 0x00000000   Number         0  stm32l4xx_hal_tim.o ABSOLUTE
    ../Drivers/STM32L4xx_HAL_Driver/Src/stm32l4xx_hal_tim_ex.c 0x00000000   Number         0  stm32l4xx_hal_tim_ex.o ABSOLUTE
    ../clib/angel/boardlib.s                 0x00000000   Number         0  boardinit1.o ABSOLUTE
    ../clib/angel/boardlib.s                 0x00000000   Number         0  boardinit2.o ABSOLUTE
    ../clib/angel/boardlib.s                 0x00000000   Number         0  boardinit3.o ABSOLUTE
    ../clib/angel/boardlib.s                 0x00000000   Number         0  boardshut.o ABSOLUTE
    ../clib/angel/handlers.s                 0x00000000   Number         0  __scatter_copy.o ABSOLUTE
    ../clib/angel/handlers.s                 0x00000000   Number         0  __scatter_zi.o ABSOLUTE
    ../clib/angel/kernel.s                   0x00000000   Number         0  rtexit2.o ABSOLUTE
    ../clib/angel/kernel.s                   0x00000000   Number         0  __rtentry2.o ABSOLUTE
    ../clib/angel/kernel.s                   0x00000000   Number         0  rtexit.o ABSOLUTE
    ../clib/angel/kernel.s                   0x00000000   Number         0  __rtentry.o ABSOLUTE
    ../clib/angel/kernel.s                   0x00000000   Number         0  __rtentry4.o ABSOLUTE
    ../clib/angel/rt.s                       0x00000000   Number         0  rt_raise.o ABSOLUTE
    ../clib/angel/rt.s                       0x00000000   Number         0  rt_heap_descriptor_intlibspace.o ABSOLUTE
    ../clib/angel/rt.s                       0x00000000   Number         0  rt_heap_descriptor.o ABSOLUTE
    ../clib/angel/rt.s                       0x00000000   Number         0  rt_locale_intlibspace.o ABSOLUTE
    ../clib/angel/rt.s                       0x00000000   Number         0  rt_locale.o ABSOLUTE
    ../clib/angel/scatter.s                  0x00000000   Number         0  __scatter.o ABSOLUTE
    ../clib/angel/startup.s                  0x00000000   Number         0  __main.o ABSOLUTE
    ../clib/angel/sys.s                      0x00000000   Number         0  use_no_semi.o ABSOLUTE
    ../clib/angel/sys.s                      0x00000000   Number         0  indicate_semi.o ABSOLUTE
    ../clib/angel/sys.s                      0x00000000   Number         0  sys_stackheap_outer.o ABSOLUTE
    ../clib/angel/sys.s                      0x00000000   Number         0  libspace.o ABSOLUTE
    ../clib/angel/sys.s                      0x00000000   Number         0  mutex_dummy.o ABSOLUTE
    ../clib/angel/sysapp.c                   0x00000000   Number         0  sys_wrch.o ABSOLUTE
    ../clib/angel/sysapp.c                   0x00000000   Number         0  sys_exit.o ABSOLUTE
    ../clib/angel/sysapp.c                   0x00000000   Number         0  sys_command.o ABSOLUTE
    ../clib/armsys.c                         0x00000000   Number         0  _get_argv_nomalloc.o ABSOLUTE
    ../clib/armsys.c                         0x00000000   Number         0  _get_argv.o ABSOLUTE
    ../clib/armsys.c                         0x00000000   Number         0  argv_veneer.o ABSOLUTE
    ../clib/armsys.c                         0x00000000   Number         0  no_argv.o ABSOLUTE
    ../clib/armsys.c                         0x00000000   Number         0  argv_veneer.o ABSOLUTE
    ../clib/bigflt.c                         0x00000000   Number         0  bigflt0.o ABSOLUTE
    ../clib/btod.s                           0x00000000   Number         0  btod.o ABSOLUTE
    ../clib/heap1.c                          0x00000000   Number         0  h1_alloc.o ABSOLUTE
    ../clib/heap1.c                          0x00000000   Number         0  h1_free.o ABSOLUTE
    ../clib/heap1.c                          0x00000000   Number         0  h1_free_mt.o ABSOLUTE
    ../clib/heap1.c                          0x00000000   Number         0  h1_extend.o ABSOLUTE
    ../clib/heap1.c                          0x00000000   Number         0  h1_init.o ABSOLUTE
    ../clib/heap1.c                          0x00000000   Number         0  h1_final.o ABSOLUTE
    ../clib/heap1.c                          0x00000000   Number         0  h1_final_mt.o ABSOLUTE
    ../clib/heap1.c                          0x00000000   Number         0  h1_alloc_mt.o ABSOLUTE
    ../clib/heap1.c                          0x00000000   Number         0  h1_extend_mt.o ABSOLUTE
    ../clib/heap1.c                          0x00000000   Number         0  h1_init_mt.o ABSOLUTE
    ../clib/heap2.c                          0x00000000   Number         0  heap2mt.o ABSOLUTE
    ../clib/heap2.c                          0x00000000   Number         0  heap2.o ABSOLUTE
    ../clib/heap2.c                          0x00000000   Number         0  fdtree.o ABSOLUTE
    ../clib/heapalloc.c                      0x00000000   Number         0  hguard.o ABSOLUTE
    ../clib/heapalloc.c                      0x00000000   Number         0  maybetermalloc2.o ABSOLUTE
    ../clib/heapalloc.c                      0x00000000   Number         0  maybetermalloc2.o ABSOLUTE
    ../clib/heapalloc.c                      0x00000000   Number         0  maybetermalloc1.o ABSOLUTE
    ../clib/heapalloc.c                      0x00000000   Number         0  malloc.o ABSOLUTE
    ../clib/heapalloc.c                      0x00000000   Number         0  hrguard.o ABSOLUTE
    ../clib/heapalloc.c                      0x00000000   Number         0  init_alloc.o ABSOLUTE
    ../clib/heapalloc.c                      0x00000000   Number         0  maybetermalloc1.o ABSOLUTE
    ../clib/heapalloc.c                      0x00000000   Number         0  term_alloc.o ABSOLUTE
    ../clib/heapalloc.c                      0x00000000   Number         0  heapstubs.o ABSOLUTE
    ../clib/heapalloc.c                      0x00000000   Number         0  free.o ABSOLUTE
    ../clib/heapaux.c                        0x00000000   Number         0  heapauxa.o ABSOLUTE
    ../clib/heapaux.c                        0x00000000   Number         0  heapauxi.o ABSOLUTE
    ../clib/libinit.s                        0x00000000   Number         0  libinit.o ABSOLUTE
    ../clib/libinit.s                        0x00000000   Number         0  libshutdown2.o ABSOLUTE
    ../clib/libinit.s                        0x00000000   Number         0  libshutdown.o ABSOLUTE
    ../clib/libinit.s                        0x00000000   Number         0  libinit2.o ABSOLUTE
    ../clib/locale.s                         0x00000000   Number         0  lc_numeric_c.o ABSOLUTE
    ../clib/longlong.s                       0x00000000   Number         0  lludiv10.o ABSOLUTE
    ../clib/memcpset.s                       0x00000000   Number         0  strcmpv7m.o ABSOLUTE
    ../clib/memcpset.s                       0x00000000   Number         0  rt_memclr_w.o ABSOLUTE
    ../clib/memcpset.s                       0x00000000   Number         0  rt_memcpy_w.o ABSOLUTE
    ../clib/misc.s                           0x00000000   Number         0  printf_stubs.o ABSOLUTE
    ../clib/printf.c                         0x00000000   Number         0  __printf_ss.o ABSOLUTE
    ../clib/printf.c                         0x00000000   Number         0  __printf_flags_ss.o ABSOLUTE
    ../clib/printf.c                         0x00000000   Number         0  __printf_wp.o ABSOLUTE
    ../clib/printf.c                         0x00000000   Number         0  __printf_flags_wp.o ABSOLUTE
    ../clib/printf.c                         0x00000000   Number         0  __printf_ss_wp.o ABSOLUTE
    ../clib/printf.c                         0x00000000   Number         0  __printf_flags_ss_wp.o ABSOLUTE
    ../clib/printf.c                         0x00000000   Number         0  __printf_nopercent.o ABSOLUTE
    ../clib/printf.c                         0x00000000   Number         0  _printf_fp_infnan.o ABSOLUTE
    ../clib/printf.c                         0x00000000   Number         0  __2sprintf.o ABSOLUTE
    ../clib/printf.c                         0x00000000   Number         0  _sputc.o ABSOLUTE
    ../clib/printf.c                         0x00000000   Number         0  _printf_char_common.o ABSOLUTE
    ../clib/printf.c                         0x00000000   Number         0  _printf_fp_dec.o ABSOLUTE
    ../clib/printf.c                         0x00000000   Number         0  noretval__2sprintf.o ABSOLUTE
    ../clib/printf.c                         0x00000000   Number         0  __printf.o ABSOLUTE
    ../clib/printf.c                         0x00000000   Number         0  __printf_flags.o ABSOLUTE
    ../clib/printf_percent.s                 0x00000000   Number         0  _printf_percent_end.o ABSOLUTE
    ../clib/printf_percent.s                 0x00000000   Number         0  _printf_f.o ABSOLUTE
    ../clib/printf_percent.s                 0x00000000   Number         0  _printf_percent.o ABSOLUTE
    ../clib/signal.c                         0x00000000   Number         0  defsig_stak_inner.o ABSOLUTE
    ../clib/signal.c                         0x00000000   Number         0  defsig_abrt_inner.o ABSOLUTE
    ../clib/signal.c                         0x00000000   Number         0  defsig_rtmem_outer.o ABSOLUTE
    ../clib/signal.c                         0x00000000   Number         0  defsig_rtred_inner.o ABSOLUTE
    ../clib/signal.c                         0x00000000   Number         0  defsig_exit.o ABSOLUTE
    ../clib/signal.c                         0x00000000   Number         0  defsig_rtmem_inner.o ABSOLUTE
    ../clib/signal.c                         0x00000000   Number         0  defsig_other.o ABSOLUTE
    ../clib/signal.c                         0x00000000   Number         0  defsig_segv_inner.o ABSOLUTE
    ../clib/signal.c                         0x00000000   Number         0  defsig_cppl_inner.o ABSOLUTE
    ../clib/signal.c                         0x00000000   Number         0  defsig_fpe_inner.o ABSOLUTE
    ../clib/signal.c                         0x00000000   Number         0  defsig_rtmem_formal.o ABSOLUTE
    ../clib/signal.c                         0x00000000   Number         0  defsig_pvfn_inner.o ABSOLUTE
    ../clib/signal.c                         0x00000000   Number         0  __raise.o ABSOLUTE
    ../clib/signal.c                         0x00000000   Number         0  defsig_general.o ABSOLUTE
    ../clib/signal.s                         0x00000000   Number         0  defsig.o ABSOLUTE
    ../clib/stdlib.c                         0x00000000   Number         0  exit.o ABSOLUTE
    ../fplib/basic.s                         0x00000000   Number         0  basic.o ABSOLUTE
    ../fplib/daddsub.s                       0x00000000   Number         0  daddsub_clz.o ABSOLUTE
    ../fplib/dcmpi.s                         0x00000000   Number         0  dcmpi.o ABSOLUTE
    ../fplib/ddiv.s                          0x00000000   Number         0  ddiv.o ABSOLUTE
    ../fplib/dfix.s                          0x00000000   Number         0  dfix.o ABSOLUTE
    ../fplib/dfixu.s                         0x00000000   Number         0  dfixu.o ABSOLUTE
    ../fplib/dflt.s                          0x00000000   Number         0  dflt_clz.o ABSOLUTE
    ../fplib/dleqf.s                         0x00000000   Number         0  dleqf.o ABSOLUTE
    ../fplib/dmul.s                          0x00000000   Number         0  dmul.o ABSOLUTE
    ../fplib/dnaninf.s                       0x00000000   Number         0  dnaninf.o ABSOLUTE
    ../fplib/dretinf.s                       0x00000000   Number         0  dretinf.o ABSOLUTE
    ../fplib/drleqf.s                        0x00000000   Number         0  drleqf.o ABSOLUTE
    ../fplib/f2d.s                           0x00000000   Number         0  f2d.o ABSOLUTE
    ../fplib/fnaninf.s                       0x00000000   Number         0  fnaninf.o ABSOLUTE
    ../fplib/fpinit.s                        0x00000000   Number         0  fpinit.o ABSOLUTE
    ../fplib/istatus.s                       0x00000000   Number         0  istatus.o ABSOLUTE
    ../fplib/printf1.s                       0x00000000   Number         0  printf1.o ABSOLUTE
    ../fplib/usenofp.s                       0x00000000   Number         0  usenofp.o ABSOLUTE
    ../mathlib/fpclassify.c                  0x00000000   Number         0  fpclassify.o ABSOLUTE
    ..\Core\Src\DSP.c                        0x00000000   Number         0  dsp.o ABSOLUTE
    ..\Core\Src\main.c                       0x00000000   Number         0  main.o ABSOLUTE
    ..\Core\Src\stm32l4xx_hal_msp.c          0x00000000   Number         0  stm32l4xx_hal_msp.o ABSOLUTE
    ..\Core\Src\stm32l4xx_it.c               0x00000000   Number         0  stm32l4xx_it.o ABSOLUTE
    ..\Core\Src\system_stm32l4xx.c           0x00000000   Number         0  system_stm32l4xx.o ABSOLUTE
    ..\Drivers\STM32L4xx_HAL_Driver\Src\stm32l4xx_hal.c 0x00000000   Number         0  stm32l4xx_hal.o ABSOLUTE
    ..\Drivers\STM32L4xx_HAL_Driver\Src\stm32l4xx_hal_cortex.c 0x00000000   Number         0  stm32l4xx_hal_cortex.o ABSOLUTE
    ..\Drivers\STM32L4xx_HAL_Driver\Src\stm32l4xx_hal_dma.c 0x00000000   Number         0  stm32l4xx_hal_dma.o ABSOLUTE
    ..\Drivers\STM32L4xx_HAL_Driver\Src\stm32l4xx_hal_dma_ex.c 0x00000000   Number         0  stm32l4xx_hal_dma_ex.o ABSOLUTE
    ..\Drivers\STM32L4xx_HAL_Driver\Src\stm32l4xx_hal_exti.c 0x00000000   Number         0  stm32l4xx_hal_exti.o ABSOLUTE
    ..\Drivers\STM32L4xx_HAL_Driver\Src\stm32l4xx_hal_flash.c 0x00000000   Number         0  stm32l4xx_hal_flash.o ABSOLUTE
    ..\Drivers\STM32L4xx_HAL_Driver\Src\stm32l4xx_hal_flash_ex.c 0x00000000   Number         0  stm32l4xx_hal_flash_ex.o ABSOLUTE
    ..\Drivers\STM32L4xx_HAL_Driver\Src\stm32l4xx_hal_flash_ramfunc.c 0x00000000   Number         0  stm32l4xx_hal_flash_ramfunc.o ABSOLUTE
    ..\Drivers\STM32L4xx_HAL_Driver\Src\stm32l4xx_hal_gpio.c 0x00000000   Number         0  stm32l4xx_hal_gpio.o ABSOLUTE
    ..\Drivers\STM32L4xx_HAL_Driver\Src\stm32l4xx_hal_i2c.c 0x00000000   Number         0  stm32l4xx_hal_i2c.o ABSOLUTE
    ..\Drivers\STM32L4xx_HAL_Driver\Src\stm32l4xx_hal_i2c_ex.c 0x00000000   Number         0  stm32l4xx_hal_i2c_ex.o ABSOLUTE
    ..\Drivers\STM32L4xx_HAL_Driver\Src\stm32l4xx_hal_pwr.c 0x00000000   Number         0  stm32l4xx_hal_pwr.o ABSOLUTE
    ..\Drivers\STM32L4xx_HAL_Driver\Src\stm32l4xx_hal_pwr_ex.c 0x00000000   Number         0  stm32l4xx_hal_pwr_ex.o ABSOLUTE
    ..\Drivers\STM32L4xx_HAL_Driver\Src\stm32l4xx_hal_rcc.c 0x00000000   Number         0  stm32l4xx_hal_rcc.o ABSOLUTE
    ..\Drivers\STM32L4xx_HAL_Driver\Src\stm32l4xx_hal_rcc_ex.c 0x00000000   Number         0  stm32l4xx_hal_rcc_ex.o ABSOLUTE
    ..\Drivers\STM32L4xx_HAL_Driver\Src\stm32l4xx_hal_tim.c 0x00000000   Number         0  stm32l4xx_hal_tim.o ABSOLUTE
    ..\Drivers\STM32L4xx_HAL_Driver\Src\stm32l4xx_hal_tim_ex.c 0x00000000   Number         0  stm32l4xx_hal_tim_ex.o ABSOLUTE
    ..\\Core\\Src\\DSP.c                     0x00000000   Number         0  dsp.o ABSOLUTE
    dc.s                                     0x00000000   Number         0  dc.o ABSOLUTE
    startup_stm32l476xx.s                    0x00000000   Number         0  startup_stm32l476xx.o ABSOLUTE
    RESET                                    0x08000000   Section      392  startup_stm32l476xx.o(RESET)
    !!!main                                  0x08000188   Section        8  __main.o(!!!main)
    !!!scatter                               0x08000190   Section       52  __scatter.o(!!!scatter)
    !!handler_copy                           0x080001c4   Section       26  __scatter_copy.o(!!handler_copy)
    !!handler_zi                             0x080001e0   Section       28  __scatter_zi.o(!!handler_zi)
    .ARM.Collect$$_printf_percent$$00000000  0x080001fc   Section        0  _printf_percent.o(.ARM.Collect$$_printf_percent$$00000000)
    .ARM.Collect$$_printf_percent$$00000003  0x080001fc   Section        6  _printf_f.o(.ARM.Collect$$_printf_percent$$00000003)
    .ARM.Collect$$_printf_percent$$00000017  0x08000202   Section        4  _printf_percent_end.o(.ARM.Collect$$_printf_percent$$00000017)
    .ARM.Collect$$libinit$$00000000          0x08000206   Section        2  libinit.o(.ARM.Collect$$libinit$$00000000)
    .ARM.Collect$$libinit$$00000001          0x08000208   Section        4  libinit2.o(.ARM.Collect$$libinit$$00000001)
    .ARM.Collect$$libinit$$00000004          0x0800020c   Section        0  libinit2.o(.ARM.Collect$$libinit$$00000004)
    .ARM.Collect$$libinit$$0000000A          0x0800020c   Section        0  libinit2.o(.ARM.Collect$$libinit$$0000000A)
    .ARM.Collect$$libinit$$0000000C          0x0800020c   Section        0  libinit2.o(.ARM.Collect$$libinit$$0000000C)
    .ARM.Collect$$libinit$$0000000E          0x0800020c   Section        0  libinit2.o(.ARM.Collect$$libinit$$0000000E)
    .ARM.Collect$$libinit$$0000000F          0x0800020c   Section        6  libinit2.o(.ARM.Collect$$libinit$$0000000F)
    .ARM.Collect$$libinit$$00000011          0x08000212   Section        0  libinit2.o(.ARM.Collect$$libinit$$00000011)
    .ARM.Collect$$libinit$$00000013          0x08000212   Section        0  libinit2.o(.ARM.Collect$$libinit$$00000013)
    .ARM.Collect$$libinit$$00000015          0x08000212   Section        0  libinit2.o(.ARM.Collect$$libinit$$00000015)
    .ARM.Collect$$libinit$$00000016          0x08000212   Section       10  libinit2.o(.ARM.Collect$$libinit$$00000016)
    .ARM.Collect$$libinit$$00000017          0x0800021c   Section        0  libinit2.o(.ARM.Collect$$libinit$$00000017)
    .ARM.Collect$$libinit$$00000019          0x0800021c   Section        0  libinit2.o(.ARM.Collect$$libinit$$00000019)
    .ARM.Collect$$libinit$$0000001B          0x0800021c   Section        0  libinit2.o(.ARM.Collect$$libinit$$0000001B)
    .ARM.Collect$$libinit$$0000001D          0x0800021c   Section        0  libinit2.o(.ARM.Collect$$libinit$$0000001D)
    .ARM.Collect$$libinit$$0000001F          0x0800021c   Section        0  libinit2.o(.ARM.Collect$$libinit$$0000001F)
    .ARM.Collect$$libinit$$00000021          0x0800021c   Section        0  libinit2.o(.ARM.Collect$$libinit$$00000021)
    .ARM.Collect$$libinit$$00000023          0x0800021c   Section        0  libinit2.o(.ARM.Collect$$libinit$$00000023)
    .ARM.Collect$$libinit$$00000025          0x0800021c   Section        0  libinit2.o(.ARM.Collect$$libinit$$00000025)
    .ARM.Collect$$libinit$$0000002C          0x0800021c   Section        0  libinit2.o(.ARM.Collect$$libinit$$0000002C)
    .ARM.Collect$$libinit$$0000002E          0x0800021c   Section        0  libinit2.o(.ARM.Collect$$libinit$$0000002E)
    .ARM.Collect$$libinit$$00000030          0x0800021c   Section        0  libinit2.o(.ARM.Collect$$libinit$$00000030)
    .ARM.Collect$$libinit$$00000032          0x0800021c   Section        0  libinit2.o(.ARM.Collect$$libinit$$00000032)
    .ARM.Collect$$libinit$$00000033          0x0800021c   Section        2  libinit2.o(.ARM.Collect$$libinit$$00000033)
    .ARM.Collect$$libshutdown$$00000000      0x0800021e   Section        2  libshutdown.o(.ARM.Collect$$libshutdown$$00000000)
    .ARM.Collect$$libshutdown$$00000002      0x08000220   Section        0  libshutdown2.o(.ARM.Collect$$libshutdown$$00000002)
    .ARM.Collect$$libshutdown$$00000004      0x08000220   Section        0  libshutdown2.o(.ARM.Collect$$libshutdown$$00000004)
    .ARM.Collect$$libshutdown$$00000006      0x08000220   Section        0  libshutdown2.o(.ARM.Collect$$libshutdown$$00000006)
    .ARM.Collect$$libshutdown$$00000009      0x08000220   Section        0  libshutdown2.o(.ARM.Collect$$libshutdown$$00000009)
    .ARM.Collect$$libshutdown$$0000000C      0x08000220   Section        0  libshutdown2.o(.ARM.Collect$$libshutdown$$0000000C)
    .ARM.Collect$$libshutdown$$0000000E      0x08000220   Section        0  libshutdown2.o(.ARM.Collect$$libshutdown$$0000000E)
    .ARM.Collect$$libshutdown$$00000011      0x08000220   Section        0  libshutdown2.o(.ARM.Collect$$libshutdown$$00000011)
    .ARM.Collect$$libshutdown$$00000012      0x08000220   Section        2  libshutdown2.o(.ARM.Collect$$libshutdown$$00000012)
    .ARM.Collect$$rtentry$$00000000          0x08000222   Section        0  __rtentry.o(.ARM.Collect$$rtentry$$00000000)
    .ARM.Collect$$rtentry$$00000002          0x08000222   Section        0  __rtentry2.o(.ARM.Collect$$rtentry$$00000002)
    .ARM.Collect$$rtentry$$00000004          0x08000222   Section        6  __rtentry4.o(.ARM.Collect$$rtentry$$00000004)
    .ARM.Collect$$rtentry$$00000009          0x08000228   Section        0  __rtentry2.o(.ARM.Collect$$rtentry$$00000009)
    .ARM.Collect$$rtentry$$0000000A          0x08000228   Section        4  __rtentry2.o(.ARM.Collect$$rtentry$$0000000A)
    .ARM.Collect$$rtentry$$0000000C          0x0800022c   Section        0  __rtentry2.o(.ARM.Collect$$rtentry$$0000000C)
    .ARM.Collect$$rtentry$$0000000D          0x0800022c   Section        8  __rtentry2.o(.ARM.Collect$$rtentry$$0000000D)
    .ARM.Collect$$rtexit$$00000000           0x08000234   Section        2  rtexit.o(.ARM.Collect$$rtexit$$00000000)
    .ARM.Collect$$rtexit$$00000002           0x08000236   Section        0  rtexit2.o(.ARM.Collect$$rtexit$$00000002)
    .ARM.Collect$$rtexit$$00000003           0x08000236   Section        4  rtexit2.o(.ARM.Collect$$rtexit$$00000003)
    .ARM.Collect$$rtexit$$00000004           0x0800023a   Section        6  rtexit2.o(.ARM.Collect$$rtexit$$00000004)
    .text                                    0x08000240   Section       64  startup_stm32l476xx.o(.text)
    $v0                                      0x08000240   Number         0  startup_stm32l476xx.o(.text)
    .text                                    0x08000280   Section        0  noretval__2sprintf.o(.text)
    .text                                    0x080002a8   Section        0  __printf_wp.o(.text)
    .text                                    0x080003b6   Section        0  heapauxi.o(.text)
    .text                                    0x080003bc   Section        0  _printf_fp_dec.o(.text)
    _fp_digits                               0x080003bf   Thumb Code   432  _printf_fp_dec.o(.text)
    .text                                    0x080007e0   Section        0  _printf_char_common.o(.text)
    _printf_input_char                       0x080007e1   Thumb Code    10  _printf_char_common.o(.text)
    .text                                    0x08000810   Section        0  _sputc.o(.text)
    .text                                    0x0800081c   Section        8  libspace.o(.text)
    .text                                    0x08000824   Section        8  rt_locale_intlibspace.o(.text)
    .text                                    0x0800082c   Section      138  lludiv10.o(.text)
    .text                                    0x080008b8   Section        0  _printf_fp_infnan.o(.text)
    .text                                    0x08000938   Section        0  bigflt0.o(.text)
    .text                                    0x08000a1c   Section        2  use_no_semi.o(.text)
    .text                                    0x08000a1e   Section        0  indicate_semi.o(.text)
    .text                                    0x08000a1e   Section       74  sys_stackheap_outer.o(.text)
    .text                                    0x08000a68   Section        0  exit.o(.text)
    .text                                    0x08000a7c   Section      128  strcmpv7m.o(.text)
    .text                                    0x08000afc   Section        0  sys_exit.o(.text)
    CL$$btod_d2e                             0x08000b08   Section       62  btod.o(CL$$btod_d2e)
    CL$$btod_d2e_denorm_low                  0x08000b46   Section       70  btod.o(CL$$btod_d2e_denorm_low)
    CL$$btod_d2e_norm_op1                    0x08000b8c   Section       96  btod.o(CL$$btod_d2e_norm_op1)
    CL$$btod_div_common                      0x08000bec   Section      824  btod.o(CL$$btod_div_common)
    CL$$btod_e2e                             0x08000f24   Section      220  btod.o(CL$$btod_e2e)
    CL$$btod_ediv                            0x08001000   Section       42  btod.o(CL$$btod_ediv)
    CL$$btod_emul                            0x0800102a   Section       42  btod.o(CL$$btod_emul)
    CL$$btod_mult_common                     0x08001054   Section      580  btod.o(CL$$btod_mult_common)
    i.ADC1_2_IRQHandler                      0x08001298   Section        0  stm32l4xx_it.o(i.ADC1_2_IRQHandler)
    i.BusFault_Handler                       0x080012a8   Section        0  stm32l4xx_it.o(i.BusFault_Handler)
    i.Debounce                               0x080012aa   Section        0  stm32l4xx_it.o(i.Debounce)
    i.DebugMon_Handler                       0x080012d0   Section        0  stm32l4xx_it.o(i.DebugMon_Handler)
    i.HAL_IncTick                            0x080012d4   Section        0  stm32l4xx_hal.o(i.HAL_IncTick)
    i.HAL_Init                               0x080012e4   Section        0  stm32l4xx_hal.o(i.HAL_Init)
    i.HAL_InitTick                           0x08001304   Section        0  stm32l4xx_hal.o(i.HAL_InitTick)
    i.HAL_MspInit                            0x08001348   Section        0  stm32l4xx_hal_msp.o(i.HAL_MspInit)
    i.HAL_NVIC_SetPriority                   0x08001374   Section        0  stm32l4xx_hal_cortex.o(i.HAL_NVIC_SetPriority)
    i.HAL_NVIC_SetPriorityGrouping           0x080013b4   Section        0  stm32l4xx_hal_cortex.o(i.HAL_NVIC_SetPriorityGrouping)
    i.HAL_SYSTICK_Config                     0x080013d8   Section        0  stm32l4xx_hal_cortex.o(i.HAL_SYSTICK_Config)
    i.HardFault_Handler                      0x08001400   Section        0  stm32l4xx_it.o(i.HardFault_Handler)
    i.MemManage_Handler                      0x08001402   Section        0  stm32l4xx_it.o(i.MemManage_Handler)
    i.NMI_Handler                            0x08001404   Section        0  stm32l4xx_it.o(i.NMI_Handler)
    i.PendSV_Handler                         0x08001406   Section        0  stm32l4xx_it.o(i.PendSV_Handler)
    i.SVC_Handler                            0x08001408   Section        0  stm32l4xx_it.o(i.SVC_Handler)
    i.Sin7                                   0x0800140c   Section        0  dsp.o(i.Sin7)
    i.SysTick_Handler                        0x08001528   Section        0  stm32l4xx_it.o(i.SysTick_Handler)
    i.SystemInit                             0x080015a8   Section        0  system_stm32l4xx.o(i.SystemInit)
    i.TIM1_BRK_TIM15_IRQHandler              0x080015b8   Section        0  stm32l4xx_it.o(i.TIM1_BRK_TIM15_IRQHandler)
    i.TIM7_IRQHandler                        0x08001674   Section        0  stm32l4xx_it.o(i.TIM7_IRQHandler)
    i.UsageFault_Handler                     0x080016cc   Section        0  stm32l4xx_it.o(i.UsageFault_Handler)
    i.__ARM_fpclassify                       0x080016ce   Section        0  fpclassify.o(i.__ARM_fpclassify)
    i.__NVIC_EnableIRQ                       0x080016fe   Section        0  main.o(i.__NVIC_EnableIRQ)
    __NVIC_EnableIRQ                         0x080016ff   Thumb Code    26  main.o(i.__NVIC_EnableIRQ)
    i.__NVIC_SetPriority                     0x08001718   Section        0  stm32l4xx_hal_cortex.o(i.__NVIC_SetPriority)
    __NVIC_SetPriority                       0x08001719   Thumb Code    32  stm32l4xx_hal_cortex.o(i.__NVIC_SetPriority)
    i._is_digit                              0x08001738   Section        0  __printf_wp.o(i._is_digit)
    i.adc_init                               0x08001748   Section        0  main.o(i.adc_init)
    adc_init                                 0x08001749   Thumb Code   170  main.o(i.adc_init)
    i.dsp                                    0x08001800   Section        0  dsp.o(i.dsp)
    i.main                                   0x0800188c   Section        0  main.o(i.main)
    i.movAvg                                 0x08001a3c   Section        0  dsp.o(i.movAvg)
    i.print_to_USART                         0x08001a98   Section        0  main.o(i.print_to_USART)
    i.uart_init                              0x08001ab8   Section        0  main.o(i.uart_init)
    uart_init                                0x08001ab9   Thumb Code    98  main.o(i.uart_init)
    locale$$code                             0x08001b24   Section       44  lc_numeric_c.o(locale$$code)
    x$fpl$basic                              0x08001b50   Section       24  basic.o(x$fpl$basic)
    $v0                                      0x08001b50   Number         0  basic.o(x$fpl$basic)
    x$fpl$dadd                               0x08001b68   Section      336  daddsub_clz.o(x$fpl$dadd)
    $v0                                      0x08001b68   Number         0  daddsub_clz.o(x$fpl$dadd)
    _dadd1                                   0x08001b79   Thumb Code     0  daddsub_clz.o(x$fpl$dadd)
    x$fpl$dcmpinf                            0x08001cb8   Section       24  dcmpi.o(x$fpl$dcmpinf)
    $v0                                      0x08001cb8   Number         0  dcmpi.o(x$fpl$dcmpinf)
    x$fpl$ddiv                               0x08001cd0   Section      688  ddiv.o(x$fpl$ddiv)
    $v0                                      0x08001cd0   Number         0  ddiv.o(x$fpl$ddiv)
    ddiv_entry                               0x08001cd7   Thumb Code     0  ddiv.o(x$fpl$ddiv)
    x$fpl$dfix                               0x08001f80   Section       94  dfix.o(x$fpl$dfix)
    $v0                                      0x08001f80   Number         0  dfix.o(x$fpl$dfix)
    x$fpl$dfixu                              0x08001fe0   Section       90  dfixu.o(x$fpl$dfixu)
    $v0                                      0x08001fe0   Number         0  dfixu.o(x$fpl$dfixu)
    x$fpl$dflt                               0x0800203a   Section       46  dflt_clz.o(x$fpl$dflt)
    $v0                                      0x0800203a   Number         0  dflt_clz.o(x$fpl$dflt)
    x$fpl$dfltu                              0x08002068   Section       38  dflt_clz.o(x$fpl$dfltu)
    $v0                                      0x08002068   Number         0  dflt_clz.o(x$fpl$dfltu)
    x$fpl$dleqf                              0x08002090   Section      120  dleqf.o(x$fpl$dleqf)
    $v0                                      0x08002090   Number         0  dleqf.o(x$fpl$dleqf)
    x$fpl$dmul                               0x08002108   Section      340  dmul.o(x$fpl$dmul)
    $v0                                      0x08002108   Number         0  dmul.o(x$fpl$dmul)
    x$fpl$dnaninf                            0x0800225c   Section      156  dnaninf.o(x$fpl$dnaninf)
    $v0                                      0x0800225c   Number         0  dnaninf.o(x$fpl$dnaninf)
    x$fpl$dretinf                            0x080022f8   Section       12  dretinf.o(x$fpl$dretinf)
    $v0                                      0x080022f8   Number         0  dretinf.o(x$fpl$dretinf)
    x$fpl$drleqf                             0x08002304   Section      108  drleqf.o(x$fpl$drleqf)
    $v0                                      0x08002304   Number         0  drleqf.o(x$fpl$drleqf)
    x$fpl$drsb                               0x08002370   Section       22  daddsub_clz.o(x$fpl$drsb)
    $v0                                      0x08002370   Number         0  daddsub_clz.o(x$fpl$drsb)
    x$fpl$dsub                               0x08002388   Section      468  daddsub_clz.o(x$fpl$dsub)
    $v0                                      0x08002388   Number         0  daddsub_clz.o(x$fpl$dsub)
    _dsub1                                   0x08002399   Thumb Code     0  daddsub_clz.o(x$fpl$dsub)
    x$fpl$f2d                                0x0800255c   Section       86  f2d.o(x$fpl$f2d)
    $v0                                      0x0800255c   Number         0  f2d.o(x$fpl$f2d)
    x$fpl$fnaninf                            0x080025b2   Section      140  fnaninf.o(x$fpl$fnaninf)
    $v0                                      0x080025b2   Number         0  fnaninf.o(x$fpl$fnaninf)
    x$fpl$fpinit                             0x0800263e   Section       10  fpinit.o(x$fpl$fpinit)
    $v0                                      0x0800263e   Number         0  fpinit.o(x$fpl$fpinit)
    x$fpl$printf1                            0x08002648   Section        4  printf1.o(x$fpl$printf1)
    $v0                                      0x08002648   Number         0  printf1.o(x$fpl$printf1)
    .constdata                               0x0800264c   Section      148  bigflt0.o(.constdata)
    x$fpl$usenofp                            0x0800264c   Section        0  usenofp.o(x$fpl$usenofp)
    tenpwrs_x                                0x0800264c   Data          60  bigflt0.o(.constdata)
    tenpwrs_i                                0x08002688   Data          64  bigflt0.o(.constdata)
    locale$$data                             0x08002700   Section       28  lc_numeric_c.o(locale$$data)
    __lcnum_c_name                           0x08002704   Data           2  lc_numeric_c.o(locale$$data)
    __lcnum_c_start                          0x0800270c   Data           0  lc_numeric_c.o(locale$$data)
    __lcnum_c_point                          0x08002718   Data           0  lc_numeric_c.o(locale$$data)
    __lcnum_c_thousands                      0x0800271a   Data           0  lc_numeric_c.o(locale$$data)
    __lcnum_c_grouping                       0x0800271b   Data           0  lc_numeric_c.o(locale$$data)
    __lcnum_c_end                            0x0800271c   Data           0  lc_numeric_c.o(locale$$data)
    .data                                    0x20000000   Section        4  main.o(.data)
    .data                                    0x20000004   Section        4  main.o(.data)
    .data                                    0x20000008   Section        4  main.o(.data)
    .data                                    0x2000000c   Section        1  main.o(.data)
    .data                                    0x20000010   Section       40  stm32l4xx_it.o(.data)
    tick                                     0x20000024   Data           4  stm32l4xx_it.o(.data)
    .data                                    0x20000038   Section       12  stm32l4xx_hal.o(.data)
    .data                                    0x20000044   Section        4  system_stm32l4xx.o(.data)
    .bss                                     0x20000048   Section     5000  main.o(.bss)
    .bss                                     0x200013d0   Section       50  stm32l4xx_it.o(.bss)
    .bss                                     0x20001408   Section     4000  dsp.o(.bss)
    .bss                                     0x200023a8   Section       96  libspace.o(.bss)
    HEAP                                     0x20002408   Section      512  startup_stm32l476xx.o(HEAP)
    Heap_Mem                                 0x20002408   Data         512  startup_stm32l476xx.o(HEAP)
    STACK                                    0x20002608   Section     1024  startup_stm32l476xx.o(STACK)
    Stack_Mem                                0x20002608   Data        1024  startup_stm32l476xx.o(STACK)
    __initial_sp                             0x20002a08   Data           0  startup_stm32l476xx.o(STACK)

    Global Symbols

    Symbol Name                              Value     Ov Type        Size  Object(Section)

    BuildAttributes$$THM_ISAv4$E$P$D$K$B$S$7EM$VFPi3$EXTD16$VFPS$VFMA$PE$A:L22UL41UL21$X:L11$S22US41US21$IEEE1$IW$USESV6$~STKCKD$USESV7$~SHL$OTIME$ROPI$IEEEJ$EBA8$UX$STANDARDLIB$REQ8$PRES8$EABIv2 0x00000000   Number         0  anon$$obj.o ABSOLUTE
    __ARM_use_no_argv                        0x00000000   Number         0  main.o ABSOLUTE
    _printf_flags                            0x00000000   Number         0  printf_stubs.o ABSOLUTE
    _printf_return_value                     0x00000000   Number         0  printf_stubs.o ABSOLUTE
    _printf_sizespec                         0x00000000   Number         0  printf_stubs.o ABSOLUTE
    _printf_widthprec                        0x00000000   Number         0  printf_stubs.o ABSOLUTE
    __ARM_exceptions_init                     - Undefined Weak Reference
    __alloca_initialize                       - Undefined Weak Reference
    __arm_fini_                               - Undefined Weak Reference
    __arm_preinit_                            - Undefined Weak Reference
    __cpp_initialize__aeabi_                  - Undefined Weak Reference
    __cxa_finalize                            - Undefined Weak Reference
    __sigvec_lookup                           - Undefined Weak Reference
    __user_heap_extent                        - Undefined Weak Reference
    _atexit_init                              - Undefined Weak Reference
    _call_atexit_fns                          - Undefined Weak Reference
    _clock_init                               - Undefined Weak Reference
    _fp_trap_init                             - Undefined Weak Reference
    _fp_trap_shutdown                         - Undefined Weak Reference
    _get_lc_collate                           - Undefined Weak Reference
    _get_lc_ctype                             - Undefined Weak Reference
    _get_lc_monetary                          - Undefined Weak Reference
    _get_lc_time                              - Undefined Weak Reference
    _getenv_init                              - Undefined Weak Reference
    _handle_redirection                       - Undefined Weak Reference
    _initio                                   - Undefined Weak Reference
    _mutex_acquire                            - Undefined Weak Reference
    _mutex_free                               - Undefined Weak Reference
    _mutex_release                            - Undefined Weak Reference
    _printf_post_padding                      - Undefined Weak Reference
    _printf_pre_padding                       - Undefined Weak Reference
    _rand_init                                - Undefined Weak Reference
    _signal_finish                            - Undefined Weak Reference
    _signal_init                              - Undefined Weak Reference
    _terminateio                              - Undefined Weak Reference
    __Vectors_Size                           0x00000188   Number         0  startup_stm32l476xx.o ABSOLUTE
    __Vectors                                0x08000000   Data           4  startup_stm32l476xx.o(RESET)
    __Vectors_End                            0x08000188   Data           0  startup_stm32l476xx.o(RESET)
    __main                                   0x08000189   Thumb Code     8  __main.o(!!!main)
    __scatterload                            0x08000191   Thumb Code     0  __scatter.o(!!!scatter)
    __scatterload_rt2                        0x08000191   Thumb Code    44  __scatter.o(!!!scatter)
    __scatterload_rt2_thumb_only             0x08000191   Thumb Code     0  __scatter.o(!!!scatter)
    __scatterload_null                       0x0800019f   Thumb Code     0  __scatter.o(!!!scatter)
    __scatterload_copy                       0x080001c5   Thumb Code    26  __scatter_copy.o(!!handler_copy)
    __scatterload_zeroinit                   0x080001e1   Thumb Code    28  __scatter_zi.o(!!handler_zi)
    _printf_f                                0x080001fd   Thumb Code     0  _printf_f.o(.ARM.Collect$$_printf_percent$$00000003)
    _printf_percent                          0x080001fd   Thumb Code     0  _printf_percent.o(.ARM.Collect$$_printf_percent$$00000000)
    _printf_percent_end                      0x08000203   Thumb Code     0  _printf_percent_end.o(.ARM.Collect$$_printf_percent$$00000017)
    __rt_lib_init                            0x08000207   Thumb Code     0  libinit.o(.ARM.Collect$$libinit$$00000000)
    __rt_lib_init_fp_1                       0x08000209   Thumb Code     0  libinit2.o(.ARM.Collect$$libinit$$00000001)
    __rt_lib_init_heap_1                     0x0800020d   Thumb Code     0  libinit2.o(.ARM.Collect$$libinit$$0000000A)
    __rt_lib_init_lc_common                  0x0800020d   Thumb Code     0  libinit2.o(.ARM.Collect$$libinit$$0000000F)
    __rt_lib_init_preinit_1                  0x0800020d   Thumb Code     0  libinit2.o(.ARM.Collect$$libinit$$00000004)
    __rt_lib_init_rand_1                     0x0800020d   Thumb Code     0  libinit2.o(.ARM.Collect$$libinit$$0000000E)
    __rt_lib_init_user_alloc_1               0x0800020d   Thumb Code     0  libinit2.o(.ARM.Collect$$libinit$$0000000C)
    __rt_lib_init_lc_collate_1               0x08000213   Thumb Code     0  libinit2.o(.ARM.Collect$$libinit$$00000011)
    __rt_lib_init_lc_ctype_1                 0x08000213   Thumb Code     0  libinit2.o(.ARM.Collect$$libinit$$00000013)
    __rt_lib_init_lc_monetary_1              0x08000213   Thumb Code     0  libinit2.o(.ARM.Collect$$libinit$$00000015)
    __rt_lib_init_lc_numeric_2               0x08000213   Thumb Code     0  libinit2.o(.ARM.Collect$$libinit$$00000016)
    __rt_lib_init_alloca_1                   0x0800021d   Thumb Code     0  libinit2.o(.ARM.Collect$$libinit$$0000002E)
    __rt_lib_init_argv_1                     0x0800021d   Thumb Code     0  libinit2.o(.ARM.Collect$$libinit$$0000002C)
    __rt_lib_init_atexit_1                   0x0800021d   Thumb Code     0  libinit2.o(.ARM.Collect$$libinit$$0000001B)
    __rt_lib_init_clock_1                    0x0800021d   Thumb Code     0  libinit2.o(.ARM.Collect$$libinit$$00000021)
    __rt_lib_init_cpp_1                      0x0800021d   Thumb Code     0  libinit2.o(.ARM.Collect$$libinit$$00000032)
    __rt_lib_init_exceptions_1               0x0800021d   Thumb Code     0  libinit2.o(.ARM.Collect$$libinit$$00000030)
    __rt_lib_init_fp_trap_1                  0x0800021d   Thumb Code     0  libinit2.o(.ARM.Collect$$libinit$$0000001F)
    __rt_lib_init_getenv_1                   0x0800021d   Thumb Code     0  libinit2.o(.ARM.Collect$$libinit$$00000023)
    __rt_lib_init_lc_numeric_1               0x0800021d   Thumb Code     0  libinit2.o(.ARM.Collect$$libinit$$00000017)
    __rt_lib_init_lc_time_1                  0x0800021d   Thumb Code     0  libinit2.o(.ARM.Collect$$libinit$$00000019)
    __rt_lib_init_return                     0x0800021d   Thumb Code     0  libinit2.o(.ARM.Collect$$libinit$$00000033)
    __rt_lib_init_signal_1                   0x0800021d   Thumb Code     0  libinit2.o(.ARM.Collect$$libinit$$0000001D)
    __rt_lib_init_stdio_1                    0x0800021d   Thumb Code     0  libinit2.o(.ARM.Collect$$libinit$$00000025)
    __rt_lib_shutdown                        0x0800021f   Thumb Code     0  libshutdown.o(.ARM.Collect$$libshutdown$$00000000)
    __rt_lib_shutdown_cpp_1                  0x08000221   Thumb Code     0  libshutdown2.o(.ARM.Collect$$libshutdown$$00000004)
    __rt_lib_shutdown_fini_1                 0x08000221   Thumb Code     0  libshutdown2.o(.ARM.Collect$$libshutdown$$00000002)
    __rt_lib_shutdown_fp_trap_1              0x08000221   Thumb Code     0  libshutdown2.o(.ARM.Collect$$libshutdown$$00000009)
    __rt_lib_shutdown_heap_1                 0x08000221   Thumb Code     0  libshutdown2.o(.ARM.Collect$$libshutdown$$00000011)
    __rt_lib_shutdown_return                 0x08000221   Thumb Code     0  libshutdown2.o(.ARM.Collect$$libshutdown$$00000012)
    __rt_lib_shutdown_signal_1               0x08000221   Thumb Code     0  libshutdown2.o(.ARM.Collect$$libshutdown$$0000000C)
    __rt_lib_shutdown_stdio_1                0x08000221   Thumb Code     0  libshutdown2.o(.ARM.Collect$$libshutdown$$00000006)
    __rt_lib_shutdown_user_alloc_1           0x08000221   Thumb Code     0  libshutdown2.o(.ARM.Collect$$libshutdown$$0000000E)
    __rt_entry                               0x08000223   Thumb Code     0  __rtentry.o(.ARM.Collect$$rtentry$$00000000)
    __rt_entry_presh_1                       0x08000223   Thumb Code     0  __rtentry2.o(.ARM.Collect$$rtentry$$00000002)
    __rt_entry_sh                            0x08000223   Thumb Code     0  __rtentry4.o(.ARM.Collect$$rtentry$$00000004)
    __rt_entry_li                            0x08000229   Thumb Code     0  __rtentry2.o(.ARM.Collect$$rtentry$$0000000A)
    __rt_entry_postsh_1                      0x08000229   Thumb Code     0  __rtentry2.o(.ARM.Collect$$rtentry$$00000009)
    __rt_entry_main                          0x0800022d   Thumb Code     0  __rtentry2.o(.ARM.Collect$$rtentry$$0000000D)
    __rt_entry_postli_1                      0x0800022d   Thumb Code     0  __rtentry2.o(.ARM.Collect$$rtentry$$0000000C)
    __rt_exit                                0x08000235   Thumb Code     0  rtexit.o(.ARM.Collect$$rtexit$$00000000)
    __rt_exit_ls                             0x08000237   Thumb Code     0  rtexit2.o(.ARM.Collect$$rtexit$$00000003)
    __rt_exit_prels_1                        0x08000237   Thumb Code     0  rtexit2.o(.ARM.Collect$$rtexit$$00000002)
    __rt_exit_exit                           0x0800023b   Thumb Code     0  rtexit2.o(.ARM.Collect$$rtexit$$00000004)
    Reset_Handler                            0x08000241   Thumb Code     8  startup_stm32l476xx.o(.text)
    ADC3_IRQHandler                          0x0800025b   Thumb Code     0  startup_stm32l476xx.o(.text)
    CAN1_RX0_IRQHandler                      0x0800025b   Thumb Code     0  startup_stm32l476xx.o(.text)
    CAN1_RX1_IRQHandler                      0x0800025b   Thumb Code     0  startup_stm32l476xx.o(.text)
    CAN1_SCE_IRQHandler                      0x0800025b   Thumb Code     0  startup_stm32l476xx.o(.text)
    CAN1_TX_IRQHandler                       0x0800025b   Thumb Code     0  startup_stm32l476xx.o(.text)
    COMP_IRQHandler                          0x0800025b   Thumb Code     0  startup_stm32l476xx.o(.text)
    DFSDM1_FLT0_IRQHandler                   0x0800025b   Thumb Code     0  startup_stm32l476xx.o(.text)
    DFSDM1_FLT1_IRQHandler                   0x0800025b   Thumb Code     0  startup_stm32l476xx.o(.text)
    DFSDM1_FLT2_IRQHandler                   0x0800025b   Thumb Code     0  startup_stm32l476xx.o(.text)
    DFSDM1_FLT3_IRQHandler                   0x0800025b   Thumb Code     0  startup_stm32l476xx.o(.text)
    DMA1_Channel1_IRQHandler                 0x0800025b   Thumb Code     0  startup_stm32l476xx.o(.text)
    DMA1_Channel2_IRQHandler                 0x0800025b   Thumb Code     0  startup_stm32l476xx.o(.text)
    DMA1_Channel3_IRQHandler                 0x0800025b   Thumb Code     0  startup_stm32l476xx.o(.text)
    DMA1_Channel4_IRQHandler                 0x0800025b   Thumb Code     0  startup_stm32l476xx.o(.text)
    DMA1_Channel5_IRQHandler                 0x0800025b   Thumb Code     0  startup_stm32l476xx.o(.text)
    DMA1_Channel6_IRQHandler                 0x0800025b   Thumb Code     0  startup_stm32l476xx.o(.text)
    DMA1_Channel7_IRQHandler                 0x0800025b   Thumb Code     0  startup_stm32l476xx.o(.text)
    DMA2_Channel1_IRQHandler                 0x0800025b   Thumb Code     0  startup_stm32l476xx.o(.text)
    DMA2_Channel2_IRQHandler                 0x0800025b   Thumb Code     0  startup_stm32l476xx.o(.text)
    DMA2_Channel3_IRQHandler                 0x0800025b   Thumb Code     0  startup_stm32l476xx.o(.text)
    DMA2_Channel4_IRQHandler                 0x0800025b   Thumb Code     0  startup_stm32l476xx.o(.text)
    DMA2_Channel5_IRQHandler                 0x0800025b   Thumb Code     0  startup_stm32l476xx.o(.text)
    DMA2_Channel6_IRQHandler                 0x0800025b   Thumb Code     0  startup_stm32l476xx.o(.text)
    DMA2_Channel7_IRQHandler                 0x0800025b   Thumb Code     0  startup_stm32l476xx.o(.text)
    EXTI0_IRQHandler                         0x0800025b   Thumb Code     0  startup_stm32l476xx.o(.text)
    EXTI15_10_IRQHandler                     0x0800025b   Thumb Code     0  startup_stm32l476xx.o(.text)
    EXTI1_IRQHandler                         0x0800025b   Thumb Code     0  startup_stm32l476xx.o(.text)
    EXTI2_IRQHandler                         0x0800025b   Thumb Code     0  startup_stm32l476xx.o(.text)
    EXTI3_IRQHandler                         0x0800025b   Thumb Code     0  startup_stm32l476xx.o(.text)
    EXTI4_IRQHandler                         0x0800025b   Thumb Code     0  startup_stm32l476xx.o(.text)
    EXTI9_5_IRQHandler                       0x0800025b   Thumb Code     0  startup_stm32l476xx.o(.text)
    FLASH_IRQHandler                         0x0800025b   Thumb Code     0  startup_stm32l476xx.o(.text)
    FMC_IRQHandler                           0x0800025b   Thumb Code     0  startup_stm32l476xx.o(.text)
    FPU_IRQHandler                           0x0800025b   Thumb Code     0  startup_stm32l476xx.o(.text)
    I2C1_ER_IRQHandler                       0x0800025b   Thumb Code     0  startup_stm32l476xx.o(.text)
    I2C1_EV_IRQHandler                       0x0800025b   Thumb Code     0  startup_stm32l476xx.o(.text)
    I2C2_ER_IRQHandler                       0x0800025b   Thumb Code     0  startup_stm32l476xx.o(.text)
    I2C2_EV_IRQHandler                       0x0800025b   Thumb Code     0  startup_stm32l476xx.o(.text)
    I2C3_ER_IRQHandler                       0x0800025b   Thumb Code     0  startup_stm32l476xx.o(.text)
    I2C3_EV_IRQHandler                       0x0800025b   Thumb Code     0  startup_stm32l476xx.o(.text)
    LCD_IRQHandler                           0x0800025b   Thumb Code     0  startup_stm32l476xx.o(.text)
    LPTIM1_IRQHandler                        0x0800025b   Thumb Code     0  startup_stm32l476xx.o(.text)
    LPTIM2_IRQHandler                        0x0800025b   Thumb Code     0  startup_stm32l476xx.o(.text)
    LPUART1_IRQHandler                       0x0800025b   Thumb Code     0  startup_stm32l476xx.o(.text)
    OTG_FS_IRQHandler                        0x0800025b   Thumb Code     0  startup_stm32l476xx.o(.text)
    PVD_PVM_IRQHandler                       0x0800025b   Thumb Code     0  startup_stm32l476xx.o(.text)
    QUADSPI_IRQHandler                       0x0800025b   Thumb Code     0  startup_stm32l476xx.o(.text)
    RCC_IRQHandler                           0x0800025b   Thumb Code     0  startup_stm32l476xx.o(.text)
    RNG_IRQHandler                           0x0800025b   Thumb Code     0  startup_stm32l476xx.o(.text)
    RTC_Alarm_IRQHandler                     0x0800025b   Thumb Code     0  startup_stm32l476xx.o(.text)
    RTC_WKUP_IRQHandler                      0x0800025b   Thumb Code     0  startup_stm32l476xx.o(.text)
    SAI1_IRQHandler                          0x0800025b   Thumb Code     0  startup_stm32l476xx.o(.text)
    SAI2_IRQHandler                          0x0800025b   Thumb Code     0  startup_stm32l476xx.o(.text)
    SDMMC1_IRQHandler                        0x0800025b   Thumb Code     0  startup_stm32l476xx.o(.text)
    SPI1_IRQHandler                          0x0800025b   Thumb Code     0  startup_stm32l476xx.o(.text)
    SPI2_IRQHandler                          0x0800025b   Thumb Code     0  startup_stm32l476xx.o(.text)
    SPI3_IRQHandler                          0x0800025b   Thumb Code     0  startup_stm32l476xx.o(.text)
    SWPMI1_IRQHandler                        0x0800025b   Thumb Code     0  startup_stm32l476xx.o(.text)
    TAMP_STAMP_IRQHandler                    0x0800025b   Thumb Code     0  startup_stm32l476xx.o(.text)
    TIM1_CC_IRQHandler                       0x0800025b   Thumb Code     0  startup_stm32l476xx.o(.text)
    TIM1_TRG_COM_TIM17_IRQHandler            0x0800025b   Thumb Code     0  startup_stm32l476xx.o(.text)
    TIM1_UP_TIM16_IRQHandler                 0x0800025b   Thumb Code     0  startup_stm32l476xx.o(.text)
    TIM2_IRQHandler                          0x0800025b   Thumb Code     0  startup_stm32l476xx.o(.text)
    TIM3_IRQHandler                          0x0800025b   Thumb Code     0  startup_stm32l476xx.o(.text)
    TIM4_IRQHandler                          0x0800025b   Thumb Code     0  startup_stm32l476xx.o(.text)
    TIM5_IRQHandler                          0x0800025b   Thumb Code     0  startup_stm32l476xx.o(.text)
    TIM6_DAC_IRQHandler                      0x0800025b   Thumb Code     0  startup_stm32l476xx.o(.text)
    TIM8_BRK_IRQHandler                      0x0800025b   Thumb Code     0  startup_stm32l476xx.o(.text)
    TIM8_CC_IRQHandler                       0x0800025b   Thumb Code     0  startup_stm32l476xx.o(.text)
    TIM8_TRG_COM_IRQHandler                  0x0800025b   Thumb Code     0  startup_stm32l476xx.o(.text)
    TIM8_UP_IRQHandler                       0x0800025b   Thumb Code     0  startup_stm32l476xx.o(.text)
    TSC_IRQHandler                           0x0800025b   Thumb Code     0  startup_stm32l476xx.o(.text)
    UART4_IRQHandler                         0x0800025b   Thumb Code     0  startup_stm32l476xx.o(.text)
    UART5_IRQHandler                         0x0800025b   Thumb Code     0  startup_stm32l476xx.o(.text)
    USART1_IRQHandler                        0x0800025b   Thumb Code     0  startup_stm32l476xx.o(.text)
    USART2_IRQHandler                        0x0800025b   Thumb Code     0  startup_stm32l476xx.o(.text)
    USART3_IRQHandler                        0x0800025b   Thumb Code     0  startup_stm32l476xx.o(.text)
    WWDG_IRQHandler                          0x0800025b   Thumb Code     0  startup_stm32l476xx.o(.text)
    __user_initial_stackheap                 0x0800025d   Thumb Code     0  startup_stm32l476xx.o(.text)
    __2sprintf                               0x08000281   Thumb Code    34  noretval__2sprintf.o(.text)
    __printf                                 0x080002a9   Thumb Code   270  __printf_wp.o(.text)
    __use_two_region_memory                  0x080003b7   Thumb Code     2  heapauxi.o(.text)
    __rt_heap_escrow                         0x080003b9   Thumb Code     2  heapauxi.o(.text)
    __rt_heap_expand                         0x080003bb   Thumb Code     2  heapauxi.o(.text)
    __lib_sel_fp_printf                      0x080003bd   Thumb Code     2  _printf_fp_dec.o(.text)
    _printf_fp_dec_real                      0x0800056f   Thumb Code   620  _printf_fp_dec.o(.text)
    _printf_char_common                      0x080007eb   Thumb Code    32  _printf_char_common.o(.text)
    _sputc                                   0x08000811   Thumb Code    10  _sputc.o(.text)
    __user_libspace                          0x0800081d   Thumb Code     8  libspace.o(.text)
    __user_perproc_libspace                  0x0800081d   Thumb Code     0  libspace.o(.text)
    __user_perthread_libspace                0x0800081d   Thumb Code     0  libspace.o(.text)
    __rt_locale                              0x08000825   Thumb Code     8  rt_locale_intlibspace.o(.text)
    _ll_udiv10                               0x0800082d   Thumb Code   138  lludiv10.o(.text)
    _printf_fp_infnan                        0x080008b9   Thumb Code   112  _printf_fp_infnan.o(.text)
    _btod_etento                             0x08000939   Thumb Code   224  bigflt0.o(.text)
    __I$use$semihosting                      0x08000a1d   Thumb Code     0  use_no_semi.o(.text)
    __use_no_semihosting_swi                 0x08000a1d   Thumb Code     2  use_no_semi.o(.text)
    __semihosting_library_function           0x08000a1f   Thumb Code     0  indicate_semi.o(.text)
    __user_setup_stackheap                   0x08000a1f   Thumb Code    74  sys_stackheap_outer.o(.text)
    exit                                     0x08000a69   Thumb Code    18  exit.o(.text)
    strcmp                                   0x08000a7d   Thumb Code   128  strcmpv7m.o(.text)
    _sys_exit                                0x08000afd   Thumb Code     8  sys_exit.o(.text)
    _btod_d2e                                0x08000b09   Thumb Code    62  btod.o(CL$$btod_d2e)
    _d2e_denorm_low                          0x08000b47   Thumb Code    70  btod.o(CL$$btod_d2e_denorm_low)
    _d2e_norm_op1                            0x08000b8d   Thumb Code    96  btod.o(CL$$btod_d2e_norm_op1)
    __btod_div_common                        0x08000bed   Thumb Code   696  btod.o(CL$$btod_div_common)
    _e2e                                     0x08000f25   Thumb Code   220  btod.o(CL$$btod_e2e)
    _btod_ediv                               0x08001001   Thumb Code    42  btod.o(CL$$btod_ediv)
    _btod_emul                               0x0800102b   Thumb Code    42  btod.o(CL$$btod_emul)
    __btod_mult_common                       0x08001055   Thumb Code   580  btod.o(CL$$btod_mult_common)
    ADC1_2_IRQHandler                        0x08001299   Thumb Code    12  stm32l4xx_it.o(i.ADC1_2_IRQHandler)
    BusFault_Handler                         0x080012a9   Thumb Code     2  stm32l4xx_it.o(i.BusFault_Handler)
    Debounce                                 0x080012ab   Thumb Code    38  stm32l4xx_it.o(i.Debounce)
    DebugMon_Handler                         0x080012d1   Thumb Code     2  stm32l4xx_it.o(i.DebugMon_Handler)
    HAL_IncTick                              0x080012d5   Thumb Code    12  stm32l4xx_hal.o(i.HAL_IncTick)
    HAL_Init                                 0x080012e5   Thumb Code    30  stm32l4xx_hal.o(i.HAL_Init)
    HAL_InitTick                             0x08001305   Thumb Code    58  stm32l4xx_hal.o(i.HAL_InitTick)
    HAL_MspInit                              0x08001349   Thumb Code    38  stm32l4xx_hal_msp.o(i.HAL_MspInit)
    HAL_NVIC_SetPriority                     0x08001375   Thumb Code    60  stm32l4xx_hal_cortex.o(i.HAL_NVIC_SetPriority)
    HAL_NVIC_SetPriorityGrouping             0x080013b5   Thumb Code    26  stm32l4xx_hal_cortex.o(i.HAL_NVIC_SetPriorityGrouping)
    HAL_SYSTICK_Config                       0x080013d9   Thumb Code    40  stm32l4xx_hal_cortex.o(i.HAL_SYSTICK_Config)
    HardFault_Handler                        0x08001401   Thumb Code     2  stm32l4xx_it.o(i.HardFault_Handler)
    MemManage_Handler                        0x08001403   Thumb Code     2  stm32l4xx_it.o(i.MemManage_Handler)
    NMI_Handler                              0x08001405   Thumb Code     2  stm32l4xx_it.o(i.NMI_Handler)
    PendSV_Handler                           0x08001407   Thumb Code     2  stm32l4xx_it.o(i.PendSV_Handler)
    SVC_Handler                              0x08001409   Thumb Code     2  stm32l4xx_it.o(i.SVC_Handler)
    Sin7                                     0x0800140d   Thumb Code   226  dsp.o(i.Sin7)
    SysTick_Handler                          0x08001529   Thumb Code   102  stm32l4xx_it.o(i.SysTick_Handler)
    SystemInit                               0x080015a9   Thumb Code    12  system_stm32l4xx.o(i.SystemInit)
    TIM1_BRK_TIM15_IRQHandler                0x080015b9   Thumb Code   124  stm32l4xx_it.o(i.TIM1_BRK_TIM15_IRQHandler)
    TIM7_IRQHandler                          0x08001675   Thumb Code    74  stm32l4xx_it.o(i.TIM7_IRQHandler)
    UsageFault_Handler                       0x080016cd   Thumb Code     2  stm32l4xx_it.o(i.UsageFault_Handler)
    __ARM_fpclassify                         0x080016cf   Thumb Code    48  fpclassify.o(i.__ARM_fpclassify)
    _is_digit                                0x08001739   Thumb Code    14  __printf_wp.o(i._is_digit)
    dsp                                      0x08001801   Thumb Code   102  dsp.o(i.dsp)
    main                                     0x0800188d   Thumb Code   378  main.o(i.main)
    movAvg                                   0x08001a3d   Thumb Code    90  dsp.o(i.movAvg)
    print_to_USART                           0x08001a99   Thumb Code    28  main.o(i.print_to_USART)
    _get_lc_numeric                          0x08001b25   Thumb Code    44  lc_numeric_c.o(locale$$code)
    __aeabi_dneg                             0x08001b51   Thumb Code     0  basic.o(x$fpl$basic)
    _dneg                                    0x08001b51   Thumb Code     6  basic.o(x$fpl$basic)
    __aeabi_fneg                             0x08001b57   Thumb Code     0  basic.o(x$fpl$basic)
    _fneg                                    0x08001b57   Thumb Code     6  basic.o(x$fpl$basic)
    _dabs                                    0x08001b5d   Thumb Code     6  basic.o(x$fpl$basic)
    _fabs                                    0x08001b63   Thumb Code     6  basic.o(x$fpl$basic)
    __aeabi_dadd                             0x08001b69   Thumb Code     0  daddsub_clz.o(x$fpl$dadd)
    _dadd                                    0x08001b69   Thumb Code   332  daddsub_clz.o(x$fpl$dadd)
    __fpl_dcmp_Inf                           0x08001cb9   Thumb Code    24  dcmpi.o(x$fpl$dcmpinf)
    __aeabi_ddiv                             0x08001cd1   Thumb Code     0  ddiv.o(x$fpl$ddiv)
    _ddiv                                    0x08001cd1   Thumb Code   552  ddiv.o(x$fpl$ddiv)
    __aeabi_d2iz                             0x08001f81   Thumb Code     0  dfix.o(x$fpl$dfix)
    _dfix                                    0x08001f81   Thumb Code    94  dfix.o(x$fpl$dfix)
    __aeabi_d2uiz                            0x08001fe1   Thumb Code     0  dfixu.o(x$fpl$dfixu)
    _dfixu                                   0x08001fe1   Thumb Code    90  dfixu.o(x$fpl$dfixu)
    __aeabi_i2d                              0x0800203b   Thumb Code     0  dflt_clz.o(x$fpl$dflt)
    _dflt                                    0x0800203b   Thumb Code    46  dflt_clz.o(x$fpl$dflt)
    __aeabi_ui2d                             0x08002069   Thumb Code     0  dflt_clz.o(x$fpl$dfltu)
    _dfltu                                   0x08002069   Thumb Code    38  dflt_clz.o(x$fpl$dfltu)
    __aeabi_cdcmple                          0x08002091   Thumb Code     0  dleqf.o(x$fpl$dleqf)
    _dcmple                                  0x08002091   Thumb Code   120  dleqf.o(x$fpl$dleqf)
    __fpl_dcmple_InfNaN                      0x080020f3   Thumb Code     0  dleqf.o(x$fpl$dleqf)
    __aeabi_dmul                             0x08002109   Thumb Code     0  dmul.o(x$fpl$dmul)
    _dmul                                    0x08002109   Thumb Code   332  dmul.o(x$fpl$dmul)
    __fpl_dnaninf                            0x0800225d   Thumb Code   156  dnaninf.o(x$fpl$dnaninf)
    __fpl_dretinf                            0x080022f9   Thumb Code    12  dretinf.o(x$fpl$dretinf)
    __aeabi_cdrcmple                         0x08002305   Thumb Code     0  drleqf.o(x$fpl$drleqf)
    _drcmple                                 0x08002305   Thumb Code   108  drleqf.o(x$fpl$drleqf)
    __aeabi_drsub                            0x08002371   Thumb Code     0  daddsub_clz.o(x$fpl$drsb)
    _drsb                                    0x08002371   Thumb Code    22  daddsub_clz.o(x$fpl$drsb)
    __aeabi_dsub                             0x08002389   Thumb Code     0  daddsub_clz.o(x$fpl$dsub)
    _dsub                                    0x08002389   Thumb Code   464  daddsub_clz.o(x$fpl$dsub)
    __aeabi_f2d                              0x0800255d   Thumb Code     0  f2d.o(x$fpl$f2d)
    _f2d                                     0x0800255d   Thumb Code    86  f2d.o(x$fpl$f2d)
    __fpl_fnaninf                            0x080025b3   Thumb Code   140  fnaninf.o(x$fpl$fnaninf)
    _fp_init                                 0x0800263f   Thumb Code    10  fpinit.o(x$fpl$fpinit)
    __fplib_config_fpu_vfp                   0x08002647   Thumb Code     0  fpinit.o(x$fpl$fpinit)
    __fplib_config_pureend_doubles           0x08002647   Thumb Code     0  fpinit.o(x$fpl$fpinit)
    _printf_fp_dec                           0x08002649   Thumb Code     4  printf1.o(x$fpl$printf1)
    __I$use$fp                               0x0800264c   Number         0  usenofp.o(x$fpl$usenofp)
    Region$$Table$$Base                      0x080026e0   Number         0  anon$$obj.o(Region$$Table)
    Region$$Table$$Limit                     0x08002700   Number         0  anon$$obj.o(Region$$Table)
    test                                     0x20000000   Data           4  main.o(.data)
    flag1                                    0x20000004   Data           4  main.o(.data)
    flag2                                    0x20000008   Data           4  main.o(.data)
    key_press                                0x2000000c   Data           1  main.o(.data)
    key_press_counter                        0x20000010   Data           1  stm32l4xx_it.o(.data)
    prev_pc13                                0x20000014   Data           4  stm32l4xx_it.o(.data)
    cnt_pc13                                 0x20000018   Data           4  stm32l4xx_it.o(.data)
    timer_intr_counter                       0x2000001c   Data           4  stm32l4xx_it.o(.data)
    ptr_key_press                            0x20000020   Data           4  stm32l4xx_it.o(.data)
    voltage1                                 0x20000028   Data           4  stm32l4xx_it.o(.data)
    value                                    0x2000002c   Data           4  stm32l4xx_it.o(.data)
    danil                                    0x20000030   Data           4  stm32l4xx_it.o(.data)
    pres_pc13                                0x20000034   Data           4  stm32l4xx_it.o(.data)
    uwTickFreq                               0x20000038   Data           1  stm32l4xx_hal.o(.data)
    uwTickPrio                               0x2000003c   Data           4  stm32l4xx_hal.o(.data)
    uwTick                                   0x20000040   Data           4  stm32l4xx_hal.o(.data)
    SystemCoreClock                          0x20000044   Data           4  system_stm32l4xx.o(.data)
    newAvg                                   0x20000048   Data        4000  main.o(.bss)
    arrNumbers                               0x20000fe8   Data        1000  main.o(.bss)
    voltage_str                              0x200013d0   Data          50  stm32l4xx_it.o(.bss)
    y_value                                  0x20001408   Data        4000  dsp.o(.bss)
    __libspace_start                         0x200023a8   Data          96  libspace.o(.bss)
    __temporary_stack_top$libspace           0x20002408   Data           0  libspace.o(.bss)



==============================================================================

Memory Map of the image

  Image Entry point : 0x08000189

  Load Region LR_IROM1 (Base: 0x08000000, Size: 0x00002764, Max: 0x00100000, ABSOLUTE)

    Execution Region ER_IROM1 (Exec base: 0x08000000, Load base: 0x08000000, Size: 0x0000271c, Max: 0x00100000, ABSOLUTE)

    Exec Addr    Load Addr    Size         Type   Attr      Idx    E Section Name        Object

    0x08000000   0x08000000   0x00000188   Data   RO            3    RESET               startup_stm32l476xx.o
    0x08000188   0x08000188   0x00000008   Code   RO         2545  * !!!main             c_w.l(__main.o)
    0x08000190   0x08000190   0x00000034   Code   RO         2847    !!!scatter          c_w.l(__scatter.o)
    0x080001c4   0x080001c4   0x0000001a   Code   RO         2849    !!handler_copy      c_w.l(__scatter_copy.o)
    0x080001de   0x080001de   0x00000002   PAD
    0x080001e0   0x080001e0   0x0000001c   Code   RO         2851    !!handler_zi        c_w.l(__scatter_zi.o)
    0x080001fc   0x080001fc   0x00000000   Code   RO         2540    .ARM.Collect$$_printf_percent$$00000000  c_w.l(_printf_percent.o)
    0x080001fc   0x080001fc   0x00000006   Code   RO         2539    .ARM.Collect$$_printf_percent$$00000003  c_w.l(_printf_f.o)
    0x08000202   0x08000202   0x00000004   Code   RO         2617    .ARM.Collect$$_printf_percent$$00000017  c_w.l(_printf_percent_end.o)
    0x08000206   0x08000206   0x00000002   Code   RO         2784    .ARM.Collect$$libinit$$00000000  c_w.l(libinit.o)
    0x08000208   0x08000208   0x00000004   Code   RO         2622    .ARM.Collect$$libinit$$00000001  c_w.l(libinit2.o)
    0x0800020c   0x0800020c   0x00000000   Code   RO         2625    .ARM.Collect$$libinit$$00000004  c_w.l(libinit2.o)
    0x0800020c   0x0800020c   0x00000000   Code   RO         2628    .ARM.Collect$$libinit$$0000000A  c_w.l(libinit2.o)
    0x0800020c   0x0800020c   0x00000000   Code   RO         2630    .ARM.Collect$$libinit$$0000000C  c_w.l(libinit2.o)
    0x0800020c   0x0800020c   0x00000000   Code   RO         2632    .ARM.Collect$$libinit$$0000000E  c_w.l(libinit2.o)
    0x0800020c   0x0800020c   0x00000006   Code   RO         2633    .ARM.Collect$$libinit$$0000000F  c_w.l(libinit2.o)
    0x08000212   0x08000212   0x00000000   Code   RO         2635    .ARM.Collect$$libinit$$00000011  c_w.l(libinit2.o)
    0x08000212   0x08000212   0x00000000   Code   RO         2637    .ARM.Collect$$libinit$$00000013  c_w.l(libinit2.o)
    0x08000212   0x08000212   0x00000000   Code   RO         2639    .ARM.Collect$$libinit$$00000015  c_w.l(libinit2.o)
    0x08000212   0x08000212   0x0000000a   Code   RO         2640    .ARM.Collect$$libinit$$00000016  c_w.l(libinit2.o)
    0x0800021c   0x0800021c   0x00000000   Code   RO         2641    .ARM.Collect$$libinit$$00000017  c_w.l(libinit2.o)
    0x0800021c   0x0800021c   0x00000000   Code   RO         2643    .ARM.Collect$$libinit$$00000019  c_w.l(libinit2.o)
    0x0800021c   0x0800021c   0x00000000   Code   RO         2645    .ARM.Collect$$libinit$$0000001B  c_w.l(libinit2.o)
    0x0800021c   0x0800021c   0x00000000   Code   RO         2647    .ARM.Collect$$libinit$$0000001D  c_w.l(libinit2.o)
    0x0800021c   0x0800021c   0x00000000   Code   RO         2649    .ARM.Collect$$libinit$$0000001F  c_w.l(libinit2.o)
    0x0800021c   0x0800021c   0x00000000   Code   RO         2651    .ARM.Collect$$libinit$$00000021  c_w.l(libinit2.o)
    0x0800021c   0x0800021c   0x00000000   Code   RO         2653    .ARM.Collect$$libinit$$00000023  c_w.l(libinit2.o)
    0x0800021c   0x0800021c   0x00000000   Code   RO         2655    .ARM.Collect$$libinit$$00000025  c_w.l(libinit2.o)
    0x0800021c   0x0800021c   0x00000000   Code   RO         2659    .ARM.Collect$$libinit$$0000002C  c_w.l(libinit2.o)
    0x0800021c   0x0800021c   0x00000000   Code   RO         2661    .ARM.Collect$$libinit$$0000002E  c_w.l(libinit2.o)
    0x0800021c   0x0800021c   0x00000000   Code   RO         2663    .ARM.Collect$$libinit$$00000030  c_w.l(libinit2.o)
    0x0800021c   0x0800021c   0x00000000   Code   RO         2665    .ARM.Collect$$libinit$$00000032  c_w.l(libinit2.o)
    0x0800021c   0x0800021c   0x00000002   Code   RO         2666    .ARM.Collect$$libinit$$00000033  c_w.l(libinit2.o)
    0x0800021e   0x0800021e   0x00000002   Code   RO         2844    .ARM.Collect$$libshutdown$$00000000  c_w.l(libshutdown.o)
    0x08000220   0x08000220   0x00000000   Code   RO         2798    .ARM.Collect$$libshutdown$$00000002  c_w.l(libshutdown2.o)
    0x08000220   0x08000220   0x00000000   Code   RO         2800    .ARM.Collect$$libshutdown$$00000004  c_w.l(libshutdown2.o)
    0x08000220   0x08000220   0x00000000   Code   RO         2802    .ARM.Collect$$libshutdown$$00000006  c_w.l(libshutdown2.o)
    0x08000220   0x08000220   0x00000000   Code   RO         2805    .ARM.Collect$$libshutdown$$00000009  c_w.l(libshutdown2.o)
    0x08000220   0x08000220   0x00000000   Code   RO         2808    .ARM.Collect$$libshutdown$$0000000C  c_w.l(libshutdown2.o)
    0x08000220   0x08000220   0x00000000   Code   RO         2810    .ARM.Collect$$libshutdown$$0000000E  c_w.l(libshutdown2.o)
    0x08000220   0x08000220   0x00000000   Code   RO         2813    .ARM.Collect$$libshutdown$$00000011  c_w.l(libshutdown2.o)
    0x08000220   0x08000220   0x00000002   Code   RO         2814    .ARM.Collect$$libshutdown$$00000012  c_w.l(libshutdown2.o)
    0x08000222   0x08000222   0x00000000   Code   RO         2585    .ARM.Collect$$rtentry$$00000000  c_w.l(__rtentry.o)
    0x08000222   0x08000222   0x00000000   Code   RO         2682    .ARM.Collect$$rtentry$$00000002  c_w.l(__rtentry2.o)
    0x08000222   0x08000222   0x00000006   Code   RO         2694    .ARM.Collect$$rtentry$$00000004  c_w.l(__rtentry4.o)
    0x08000228   0x08000228   0x00000000   Code   RO         2684    .ARM.Collect$$rtentry$$00000009  c_w.l(__rtentry2.o)
    0x08000228   0x08000228   0x00000004   Code   RO         2685    .ARM.Collect$$rtentry$$0000000A  c_w.l(__rtentry2.o)
    0x0800022c   0x0800022c   0x00000000   Code   RO         2687    .ARM.Collect$$rtentry$$0000000C  c_w.l(__rtentry2.o)
    0x0800022c   0x0800022c   0x00000008   Code   RO         2688    .ARM.Collect$$rtentry$$0000000D  c_w.l(__rtentry2.o)
    0x08000234   0x08000234   0x00000002   Code   RO         2787    .ARM.Collect$$rtexit$$00000000  c_w.l(rtexit.o)
    0x08000236   0x08000236   0x00000000   Code   RO         2818    .ARM.Collect$$rtexit$$00000002  c_w.l(rtexit2.o)
    0x08000236   0x08000236   0x00000004   Code   RO         2819    .ARM.Collect$$rtexit$$00000003  c_w.l(rtexit2.o)
    0x0800023a   0x0800023a   0x00000006   Code   RO         2820    .ARM.Collect$$rtexit$$00000004  c_w.l(rtexit2.o)
    0x08000240   0x08000240   0x00000040   Code   RO            4    .text               startup_stm32l476xx.o
    0x08000280   0x08000280   0x00000028   Code   RO         2515    .text               c_w.l(noretval__2sprintf.o)
    0x080002a8   0x080002a8   0x0000010e   Code   RO         2527    .text               c_w.l(__printf_wp.o)
    0x080003b6   0x080003b6   0x00000006   Code   RO         2543    .text               c_w.l(heapauxi.o)
    0x080003bc   0x080003bc   0x00000424   Code   RO         2611    .text               c_w.l(_printf_fp_dec.o)
    0x080007e0   0x080007e0   0x00000030   Code   RO         2613    .text               c_w.l(_printf_char_common.o)
    0x08000810   0x08000810   0x0000000a   Code   RO         2615    .text               c_w.l(_sputc.o)
    0x0800081a   0x0800081a   0x00000002   PAD
    0x0800081c   0x0800081c   0x00000008   Code   RO         2678    .text               c_w.l(libspace.o)
    0x08000824   0x08000824   0x00000008   Code   RO         2699    .text               c_w.l(rt_locale_intlibspace.o)
    0x0800082c   0x0800082c   0x0000008a   Code   RO         2709    .text               c_w.l(lludiv10.o)
    0x080008b6   0x080008b6   0x00000002   PAD
    0x080008b8   0x080008b8   0x00000080   Code   RO         2711    .text               c_w.l(_printf_fp_infnan.o)
    0x08000938   0x08000938   0x000000e4   Code   RO         2715    .text               c_w.l(bigflt0.o)
    0x08000a1c   0x08000a1c   0x00000002   Code   RO         2758    .text               c_w.l(use_no_semi.o)
    0x08000a1e   0x08000a1e   0x00000000   Code   RO         2760    .text               c_w.l(indicate_semi.o)
    0x08000a1e   0x08000a1e   0x0000004a   Code   RO         2761    .text               c_w.l(sys_stackheap_outer.o)
    0x08000a68   0x08000a68   0x00000012   Code   RO         2767    .text               c_w.l(exit.o)
    0x08000a7a   0x08000a7a   0x00000002   PAD
    0x08000a7c   0x08000a7c   0x00000080   Code   RO         2773    .text               c_w.l(strcmpv7m.o)
    0x08000afc   0x08000afc   0x0000000c   Code   RO         2785    .text               c_w.l(sys_exit.o)
    0x08000b08   0x08000b08   0x0000003e   Code   RO         2718    CL$$btod_d2e        c_w.l(btod.o)
    0x08000b46   0x08000b46   0x00000046   Code   RO         2720    CL$$btod_d2e_denorm_low  c_w.l(btod.o)
    0x08000b8c   0x08000b8c   0x00000060   Code   RO         2719    CL$$btod_d2e_norm_op1  c_w.l(btod.o)
    0x08000bec   0x08000bec   0x00000338   Code   RO         2728    CL$$btod_div_common  c_w.l(btod.o)
    0x08000f24   0x08000f24   0x000000dc   Code   RO         2725    CL$$btod_e2e        c_w.l(btod.o)
    0x08001000   0x08001000   0x0000002a   Code   RO         2722    CL$$btod_ediv       c_w.l(btod.o)
    0x0800102a   0x0800102a   0x0000002a   Code   RO         2721    CL$$btod_emul       c_w.l(btod.o)
    0x08001054   0x08001054   0x00000244   Code   RO         2727    CL$$btod_mult_common  c_w.l(btod.o)
    0x08001298   0x08001298   0x00000010   Code   RO          186    i.ADC1_2_IRQHandler  stm32l4xx_it.o
    0x080012a8   0x080012a8   0x00000002   Code   RO          187    i.BusFault_Handler  stm32l4xx_it.o
    0x080012aa   0x080012aa   0x00000026   Code   RO          188    i.Debounce          stm32l4xx_it.o
    0x080012d0   0x080012d0   0x00000002   Code   RO          189    i.DebugMon_Handler  stm32l4xx_it.o
    0x080012d2   0x080012d2   0x00000002   PAD
    0x080012d4   0x080012d4   0x00000010   Code   RO          441    i.HAL_IncTick       stm32l4xx_hal.o
    0x080012e4   0x080012e4   0x0000001e   Code   RO          442    i.HAL_Init          stm32l4xx_hal.o
    0x08001302   0x08001302   0x00000002   PAD
    0x08001304   0x08001304   0x00000044   Code   RO          443    i.HAL_InitTick      stm32l4xx_hal.o
    0x08001348   0x08001348   0x0000002c   Code   RO          297    i.HAL_MspInit       stm32l4xx_hal_msp.o
    0x08001374   0x08001374   0x00000040   Code   RO         2218    i.HAL_NVIC_SetPriority  stm32l4xx_hal_cortex.o
    0x080013b4   0x080013b4   0x00000024   Code   RO         2219    i.HAL_NVIC_SetPriorityGrouping  stm32l4xx_hal_cortex.o
    0x080013d8   0x080013d8   0x00000028   Code   RO         2223    i.HAL_SYSTICK_Config  stm32l4xx_hal_cortex.o
    0x08001400   0x08001400   0x00000002   Code   RO          190    i.HardFault_Handler  stm32l4xx_it.o
    0x08001402   0x08001402   0x00000002   Code   RO          191    i.MemManage_Handler  stm32l4xx_it.o
    0x08001404   0x08001404   0x00000002   Code   RO          192    i.NMI_Handler       stm32l4xx_it.o
    0x08001406   0x08001406   0x00000002   Code   RO          193    i.PendSV_Handler    stm32l4xx_it.o
    0x08001408   0x08001408   0x00000002   Code   RO          194    i.SVC_Handler       stm32l4xx_it.o
    0x0800140a   0x0800140a   0x00000002   PAD
    0x0800140c   0x0800140c   0x0000011c   Code   RO          321    i.Sin7              dsp.o
    0x08001528   0x08001528   0x00000080   Code   RO          195    i.SysTick_Handler   stm32l4xx_it.o
    0x080015a8   0x080015a8   0x00000010   Code   RO         2415    i.SystemInit        system_stm32l4xx.o
    0x080015b8   0x080015b8   0x000000bc   Code   RO          196    i.TIM1_BRK_TIM15_IRQHandler  stm32l4xx_it.o
    0x08001674   0x08001674   0x00000058   Code   RO          197    i.TIM7_IRQHandler   stm32l4xx_it.o
    0x080016cc   0x080016cc   0x00000002   Code   RO          198    i.UsageFault_Handler  stm32l4xx_it.o
    0x080016ce   0x080016ce   0x00000030   Code   RO         2756    i.__ARM_fpclassify  m_wm.l(fpclassify.o)
    0x080016fe   0x080016fe   0x0000001a   Code   RO           15    i.__NVIC_EnableIRQ  main.o
    0x08001718   0x08001718   0x00000020   Code   RO         2225    i.__NVIC_SetPriority  stm32l4xx_hal_cortex.o
    0x08001738   0x08001738   0x0000000e   Code   RO         2529    i._is_digit         c_w.l(__printf_wp.o)
    0x08001746   0x08001746   0x00000002   PAD
    0x08001748   0x08001748   0x000000b8   Code   RO           16    i.adc_init          main.o
    0x08001800   0x08001800   0x0000008c   Code   RO          324    i.dsp               dsp.o
    0x0800188c   0x0800188c   0x000001b0   Code   RO           18    i.main              main.o
    0x08001a3c   0x08001a3c   0x0000005a   Code   RO          326    i.movAvg            dsp.o
    0x08001a96   0x08001a96   0x00000002   PAD
    0x08001a98   0x08001a98   0x00000020   Code   RO           19    i.print_to_USART    main.o
    0x08001ab8   0x08001ab8   0x0000006c   Code   RO           20    i.uart_init         main.o
    0x08001b24   0x08001b24   0x0000002c   Code   RO         2741    locale$$code        c_w.l(lc_numeric_c.o)
    0x08001b50   0x08001b50   0x00000018   Code   RO         2547    x$fpl$basic         fz_wm.l(basic.o)
    0x08001b68   0x08001b68   0x00000150   Code   RO         2549    x$fpl$dadd          fz_wm.l(daddsub_clz.o)
    0x08001cb8   0x08001cb8   0x00000018   Code   RO         2667    x$fpl$dcmpinf       fz_wm.l(dcmpi.o)
    0x08001cd0   0x08001cd0   0x000002b0   Code   RO         2556    x$fpl$ddiv          fz_wm.l(ddiv.o)
    0x08001f80   0x08001f80   0x0000005e   Code   RO         2559    x$fpl$dfix          fz_wm.l(dfix.o)
    0x08001fde   0x08001fde   0x00000002   PAD
    0x08001fe0   0x08001fe0   0x0000005a   Code   RO         2563    x$fpl$dfixu         fz_wm.l(dfixu.o)
    0x0800203a   0x0800203a   0x0000002e   Code   RO         2568    x$fpl$dflt          fz_wm.l(dflt_clz.o)
    0x08002068   0x08002068   0x00000026   Code   RO         2567    x$fpl$dfltu         fz_wm.l(dflt_clz.o)
    0x0800208e   0x0800208e   0x00000002   PAD
    0x08002090   0x08002090   0x00000078   Code   RO         2573    x$fpl$dleqf         fz_wm.l(dleqf.o)
    0x08002108   0x08002108   0x00000154   Code   RO         2575    x$fpl$dmul          fz_wm.l(dmul.o)
    0x0800225c   0x0800225c   0x0000009c   Code   RO         2669    x$fpl$dnaninf       fz_wm.l(dnaninf.o)
    0x080022f8   0x080022f8   0x0000000c   Code   RO         2671    x$fpl$dretinf       fz_wm.l(dretinf.o)
    0x08002304   0x08002304   0x0000006c   Code   RO         2577    x$fpl$drleqf        fz_wm.l(drleqf.o)
    0x08002370   0x08002370   0x00000016   Code   RO         2550    x$fpl$drsb          fz_wm.l(daddsub_clz.o)
    0x08002386   0x08002386   0x00000002   PAD
    0x08002388   0x08002388   0x000001d4   Code   RO         2551    x$fpl$dsub          fz_wm.l(daddsub_clz.o)
    0x0800255c   0x0800255c   0x00000056   Code   RO         2579    x$fpl$f2d           fz_wm.l(f2d.o)
    0x080025b2   0x080025b2   0x0000008c   Code   RO         2673    x$fpl$fnaninf       fz_wm.l(fnaninf.o)
    0x0800263e   0x0800263e   0x0000000a   Code   RO         2752    x$fpl$fpinit        fz_wm.l(fpinit.o)
    0x08002648   0x08002648   0x00000004   Code   RO         2581    x$fpl$printf1       fz_wm.l(printf1.o)
    0x0800264c   0x0800264c   0x00000000   Code   RO         2675    x$fpl$usenofp       fz_wm.l(usenofp.o)
    0x0800264c   0x0800264c   0x00000094   Data   RO         2716    .constdata          c_w.l(bigflt0.o)
    0x080026e0   0x080026e0   0x00000020   Data   RO         2845    Region$$Table       anon$$obj.o
    0x08002700   0x08002700   0x0000001c   Data   RO         2740    locale$$data        c_w.l(lc_numeric_c.o)


    Execution Region RW_IRAM2 (Exec base: 0x10000000, Load base: 0x08002764, Size: 0x00000000, Max: 0x00008000, ABSOLUTE)

    **** No section assigned to this execution region ****


    Execution Region RW_IRAM1 (Exec base: 0x20000000, Load base: 0x0800271c, Size: 0x00002a08, Max: 0x00018000, ABSOLUTE)

    Exec Addr    Load Addr    Size         Type   Attr      Idx    E Section Name        Object

    0x20000000   0x0800271c   0x00000004   Data   RW           23    .data               main.o
    0x20000004   0x08002720   0x00000004   Data   RW           24    .data               main.o
    0x20000008   0x08002724   0x00000004   Data   RW           25    .data               main.o
    0x2000000c   0x08002728   0x00000001   Data   RW           26    .data               main.o
    0x2000000d   0x08002729   0x00000003   PAD
    0x20000010   0x0800272c   0x00000028   Data   RW          200    .data               stm32l4xx_it.o
    0x20000038   0x08002754   0x0000000c   Data   RW          459    .data               stm32l4xx_hal.o
    0x20000044   0x08002760   0x00000004   Data   RW         2418    .data               system_stm32l4xx.o
    0x20000048        -       0x00001388   Zero   RW           21    .bss                main.o
    0x200013d0        -       0x00000032   Zero   RW          199    .bss                stm32l4xx_it.o
    0x20001402   0x08002764   0x00000006   PAD
    0x20001408        -       0x00000fa0   Zero   RW          328    .bss                dsp.o
    0x200023a8        -       0x00000060   Zero   RW         2679    .bss                c_w.l(libspace.o)
    0x20002408        -       0x00000200   Zero   RW            2    HEAP                startup_stm32l476xx.o
    0x20002608        -       0x00000400   Zero   RW            1    STACK               startup_stm32l476xx.o


==============================================================================

Image component sizes


      Code (inc. data)   RO Data    RW Data    ZI Data      Debug   Object Name

       514         96          0          0       4000       2880   dsp.o
       782         82          0         13       5000     702454   main.o
        64         26        392          0       1536        864   startup_stm32l476xx.o
       114         14          0         12          0      13363   stm32l4xx_hal.o
       172         14          0          0          0      33274   stm32l4xx_hal_cortex.o
        44          6          0          0          0        902   stm32l4xx_hal_msp.o
       474        108          0         40         50       8215   stm32l4xx_it.o
        16          4          0          4          0       1261   system_stm32l4xx.o

    ----------------------------------------------------------------------
      2188        350        424         72      10592     763213   Object Totals
         0          0         32          0          0          0   (incl. Generated)
         8          0          0          3          6          0   (incl. Padding)

    ----------------------------------------------------------------------

      Code (inc. data)   RO Data    RW Data    ZI Data      Debug   Library Member Name

         8          0          0          0          0         68   __main.o
       284          0          0          0          0        156   __printf_wp.o
         0          0          0          0          0          0   __rtentry.o
        12          0          0          0          0          0   __rtentry2.o
         6          0          0          0          0          0   __rtentry4.o
        52          8          0          0          0          0   __scatter.o
        26          0          0          0          0          0   __scatter_copy.o
        28          0          0          0          0          0   __scatter_zi.o
        48          6          0          0          0         96   _printf_char_common.o
         6          0          0          0          0          0   _printf_f.o
      1060          0          0          0          0        216   _printf_fp_dec.o
       128         16          0          0          0         84   _printf_fp_infnan.o
         0          0          0          0          0          0   _printf_percent.o
         4          0          0          0          0          0   _printf_percent_end.o
        10          0          0          0          0         68   _sputc.o
       228          4        148          0          0         96   bigflt0.o
      1936        128          0          0          0        672   btod.o
        18          0          0          0          0         80   exit.o
         6          0          0          0          0        152   heapauxi.o
         0          0          0          0          0          0   indicate_semi.o
        44         10         28          0          0         76   lc_numeric_c.o
         2          0          0          0          0          0   libinit.o
        22          0          0          0          0          0   libinit2.o
         2          0          0          0          0          0   libshutdown.o
         2          0          0          0          0          0   libshutdown2.o
         8          4          0          0         96         68   libspace.o
       138          0          0          0          0         80   lludiv10.o
        40          6          0          0          0         84   noretval__2sprintf.o
         8          4          0          0          0         68   rt_locale_intlibspace.o
         2          0          0          0          0          0   rtexit.o
        10          0          0          0          0          0   rtexit2.o
       128          0          0          0          0         68   strcmpv7m.o
        12          4          0          0          0         68   sys_exit.o
        74          0          0          0          0         80   sys_stackheap_outer.o
         2          0          0          0          0         68   use_no_semi.o
        24          0          0          0          0        164   basic.o
       826         16          0          0          0        492   daddsub_clz.o
        24          0          0          0          0        116   dcmpi.o
       688        140          0          0          0        256   ddiv.o
        94          4          0          0          0        140   dfix.o
        90          4          0          0          0        140   dfixu.o
        84          0          0          0          0        232   dflt_clz.o
       120          4          0          0          0        140   dleqf.o
       340         12          0          0          0        152   dmul.o
       156          4          0          0          0        140   dnaninf.o
        12          0          0          0          0        116   dretinf.o
       108          0          0          0          0        128   drleqf.o
        86          4          0          0          0        132   f2d.o
       140          4          0          0          0        132   fnaninf.o
        10          0          0          0          0        116   fpinit.o
         4          0          0          0          0        116   printf1.o
         0          0          0          0          0          0   usenofp.o
        48          0          0          0          0        124   fpclassify.o

    ----------------------------------------------------------------------
      7224        382        176          0         96       5184   Library Totals
        16          0          0          0          0          0   (incl. Padding)

    ----------------------------------------------------------------------

      Code (inc. data)   RO Data    RW Data    ZI Data      Debug   Library Name

      4354        190        176          0         96       2348   c_w.l
      2806        192          0          0          0       2712   fz_wm.l
        48          0          0          0          0        124   m_wm.l

    ----------------------------------------------------------------------
      7224        382        176          0         96       5184   Library Totals

    ----------------------------------------------------------------------

==============================================================================


      Code (inc. data)   RO Data    RW Data    ZI Data      Debug   

      9412        732        600         72      10688     762849   Grand Totals
      9412        732        600         72      10688     762849   ELF Image Totals
      9412        732        600         72          0          0   ROM Totals

==============================================================================

    Total RO  Size (Code + RO Data)                10012 (   9.78kB)
    Total RW  Size (RW Data + ZI Data)             10760 (  10.51kB)
    Total ROM Size (Code + RO Data + RW Data)      10084 (   9.85kB)

==============================================================================

